=== RUN   TestWorkflowTemplates
=== RUN   TestWorkflowTemplates/kllamabooks
    template_txtar_test.go:122: Expected string "# Generated using: https://github.com/arran4/arrans_overlay_workflow_builder 1.0.0 Github Cmake Release testdata/txtar/github-cmake/kllamabooks.txtar/input.config 2006-01-02 15:04:05.999999999 -0700 MST\n\nname: app-misc/kjules update\n\npermissions:\n  contents: write\n\non:\n  schedule:\n    - cron: '54 10 * * *'\n  workflow_dispatch:\n  push:\n    paths:\n      - '.github/workflows/app-misc-kjules-update.yaml'\n\nconcurrency:\n  group: ci-${{ github.ref }}\n  cancel-in-progress: false\n\nenv:\n  FORCE_JAVASCRIPT_ACTIONS_TO_NODE24: true\n  ecn: app-misc\n  epn: kjules\n  description: \"A testing client\"\n  homepage: \"https://github.com/arran4/kjules\"\n  github_owner: arran4\n  github_repo: kjules\n\njobs:\n  check-and-create-ebuild:\n    runs-on: ubuntu-latest\n    steps:\n      - name: Checkout repository\n        uses: actions/checkout@v4\n        with:\n          fetch-depth: 0\n\n      - name: Set up Git\n        run: |\n          git config --global user.name 'github-actions[bot]'\n          git config --global user.email 'github-actions[bot]@users.noreply.github.com'\n\n      - name: Install required tools\n        run: |\n          sudo apt-get update\n          sudo apt-get install -y wget jq coreutils curl\n\n      - name: Install g2\n        uses: arran4/g2-action@v1.2\n\n      - name: Process each release\n        id: process_releases\n        run: |\n          ebuild_dir=\"./${{ env.ecn }}/${{ env.epn }}\"\n          mkdir -p \"$ebuild_dir\"\n\n          metadata_file=\"${ebuild_dir}/metadata.xml\"\n          if [ ! -f \"$metadata_file\" ]; then\n            cat <<-\"METADATA_EOF\" > \"$metadata_file\"\n<?xml version=\"1.0\" encoding=\"UTF-8\"?>\n<!DOCTYPE pkgmetadata SYSTEM \"http://www.gentoo.org/dtd/metadata.dtd\">\n<pkgmetadata>\n\t<upstream>\n\t\t<remote-id type=\"github\">arran4/kjules</remote-id>\n\t</upstream>\n</pkgmetadata>\nMETADATA_EOF\n          fi\n          g2 metadata -m \"gentoo@arran4.com:Arran Ubels:person\" -u \"github:arran4/kjules\" \"$metadata_file\"\n\n          tags=$(gh api repos/${{ env.github_owner }}/${{ env.github_repo }}/releases --jq '.[]? | select(type==\"object\" and has(\"tag_name\")) | .tag_name')\n          for tag in $tags; do\n            originalVersion=\"${tag#v}\"\n            # shellcheck disable=SC2034\n            version=\"${tag#v}\"\n\n            # Semantic Version format check (skip invalid tags)\n            if ! echo \"$version\" | egrep -q '^([0-9]+)\\.([0-9]+)(\\.([0-9]+))?(-r[0-9]+)?((_)(alpha|beta|rc|p)[0-9]*)*$'; then\n              echo \"$tag / $version doesn't match gentoo version regexp; skipping\"\n              continue\n            fi\n\n            ebuild_file=\"${ebuild_dir}/${{ env.epn }}-${version}.ebuild\"\n            if [ ! -f \"$ebuild_file\" ]; then\n              cmake_content=$(curl -sL \"https://raw.githubusercontent.com/${{ env.github_owner }}/${{ env.github_repo }}/${tag}/CMakeLists.txt\")\n\n              qt6_components=$(echo \"$cmake_content\" | grep -i \"find_package(Qt6\" | tr '()' '  ' | sed 's/find_package  *Qt6//i' | tr -s ' ' '\\n' | grep -ivE 'REQUIRED|COMPONENTS|CONFIG' | sort -u || true)\n              kf6_packages=$(echo \"$cmake_content\" | grep -i \"find_package(KF6\" | tr '()' '  ' | grep -iv COMPONENTS | awk '{print $2}' | grep -i \"^KF6\" | sed 's/KF6//i' | sort -u || true)\n              kf6_components=$(echo \"$cmake_content\" | grep -i \"find_package(KF6\" | grep -i COMPONENTS | tr '()' '  ' | sed 's/.*COMPONENTS//i' | tr -s ' ' '\\n' | grep -ivE 'REQUIRED' | sort -u || true)\n\n              DEPEND=\"\"\n              if [ -n \"$qt6_components\" ]; then\n                qt6_flags=$(echo \"$qt6_components\" | grep -ivE 'Test|Svg' | tr '\\n' ',' | sed 's/,$//' | tr '[:upper:]' '[:lower:]')\n                if [ -n \"$qt6_flags\" ]; then\n                  DEPEND=\"$DEPEND\\n\\tdev-qt/qtbase:6[$qt6_flags]\"\n                else\n                  DEPEND=\"$DEPEND\\n\\tdev-qt/qtbase:6\"\n                fi\n\n                # Handling qt6 components that map to different Gentoo packages if needed\n                if echo \"$qt6_components\" | grep -iq \"Svg\"; then DEPEND=\"$DEPEND\\n\\tdev-qt/qtsvg:6\"; fi\n              fi\n\n              BDEPEND=\"virtual/pkgconfig\\n\\tkde-frameworks/extra-cmake-modules:0\"\n              if echo \"$qt6_components\" | grep -iq \"Test\"; then\n                 BDEPEND=\"$BDEPEND\\n\\tdev-qt/qttools:6[linguist]\"\n              fi\n\n              for pkg in $kf6_packages $kf6_components; do\n                 # Basic mapping logic for KF6\n                 mapped=$(echo \"$pkg\" | tr '[:upper:]' '[:lower:]')\n                 DEPEND=\"$DEPEND\\n\\tkde-frameworks/k${mapped}:6\"\n              done\n\n              {\n                echo \"# Copyright $(date +%Y) Gentoo Authors\"\n                echo \"# Distributed under the terms of the GNU General Public License v2\"\n                echo \"\"\n                echo \"EAPI=8\"\n                echo \"\"\n                echo \"inherit cmake xdg\"\n                echo \"\"\n                echo \"DESCRIPTION=\\\"${{ env.description }}\\\"\"\n                echo \"HOMEPAGE=\\\"${{ env.homepage }}\\\"\"\n                echo \"SRC_URI=\\\"https://github.com/${{ env.github_owner }}/${{ env.github_repo }}/archive/refs/tags/${tag}.tar.gz -> \\${P}.tar.gz\\\"\"\n                echo \"\"\n                echo \"LICENSE=\\\"MIT\\\"\"\n                echo \"SLOT=\\\"0\\\"\"\n                echo \"KEYWORDS=\\\"~amd64\\\"\"\n                echo \"IUSE=\\\"debug\\\"\"\n                echo \"\"\n                echo \"DEPEND=\\\"\"\n                echo -e \"$DEPEND\"\n                echo \"\\\"\"\n                echo \"RDEPEND=\\\"\\${DEPEND}\\\"\"\n                echo \"BDEPEND=\\\"\"\n                echo -e \"$BDEPEND\"\n                echo \"\\\"\"\n                echo \"\"\n              } > \"$ebuild_file\"\n\n              failed=0\n              if ! g2 manifest upsert-from-url \"https://github.com/${{ env.github_owner }}/${{ env.github_repo }}/archive/refs/tags/${tag}.tar.gz\" \"${{ env.epn }}-${version}.tar.gz\" \"${ebuild_dir}/Manifest\"; then failed=1; fi\n\n              if [ \"$failed\" -eq 1 ]; then\n                  echo \"Failed to generate manifest for $tag. Skipping...\"\n                  rm -f \"$ebuild_file\"\n                  continue\n              fi\n              echo \"generated_tag=${tag}\" >> $GITHUB_OUTPUT\n            fi\n          done\n\n      - name: Generate Overlay\n        run: |\n          mkdir -p profiles\n          echo \"overlay_name\" > profiles/repo_name\n          echo \"8\" > profiles/eapi\n\n      - name: Lint output\n        uses: arran4/g2-action@v1.2\n        with:\n          mode: 'run'\n          action: 'lint .'\n\n      - name: Commit and push changes\n        run: |\n          ebuild_dir=\"./${{ env.ecn }}/${{ env.epn }}\"\n          mkdir -p profiles; [ ! -f profiles/repo_name ] && echo \"${{ env.github_repo }}\" > profiles/repo_name; [ ! -f profiles/eapi ] && echo \"8\" > profiles/eapi; g2 cache generate \"${{ env.ecn }}/${{ env.epn }}\"\n          git add \"./${ebuild_dir}\"\n          git add metadata/md5-cache/ || true\n          if git commit -m \"Add ebuilds for new ${{ env.epn }} releases tag ${generated_tag}\"; then\n            git pull --rebase &&\n            git push\n          fi || true\n        if: steps.process_releases.outputs.generated_tag\n=== RUN   TestWorkflowTemplates/tags_command\n=== RUN   TestWorkflowTemplates/tags_command_binary\n=== RUN   TestWorkflowTemplates/web-binary\n    template_txtar_test.go:122: Expected string \"# Generated using: https://github.com/arran4/arrans_overlay_workflow_builder 1.0.0 Github Cmake Release testdata/txtar/github-cmake/kllamabooks.txtar/input.config 2006-01-02 15:04:05.999999999 -0700 MST\\n\\nname: app-misc/kjules update\\n\\npermissions:\\n  contents: write\\n\\non:\\n  schedule:\\n    - cron: '54 10 * * *'\\n  workflow_dispatch:\\n  push:\\n    paths:\\n      - '.github/workflows/app-misc-kjules-update.yaml'\\n\\nconcurrency:\\n  group: ci-${{ github.ref }}\\n  cancel-in-progress: false\\n\\nenv:\\n  FORCE_JAVASCRIPT_ACTIONS_TO_NODE24: true\\n  ecn: app-misc\\n  epn: kjules\\n  description: \\\"A testing client\\\"\\n  homepage: \\\"https://github.com/arran4/kjules\\\"\\n  github_owner: arran4\\n  github_repo: kjules\\n\\njobs:\\n  check-and-create-ebuild:\\n    runs-on: ubuntu-latest\\n    steps:\\n      - name: Checkout repository\\n        uses: actions/checkout@v4\\n        with:\\n          fetch-depth: 0\\n\\n      - name: Set up Git\\n        run: |\\n          git config --global user.name 'github-actions[bot]'\\n          git config --global user.email 'github-actions[bot]@users.noreply.github.com'\\n\\n      - name: Install required tools\\n        run: |\\n          sudo apt-get update\\n          sudo apt-get install -y wget jq coreutils curl\\n\\n      - name: Install g2\\n        uses: arran4/g2-action@v1.2\\n\\n      - name: Process each release\\n        id: process_releases\\n        run: |\\n          ebuild_dir=\\\"./${{ env.ecn }}/${{ env.epn }}\\\"\\n          mkdir -p \\\"$ebuild_dir\\\"\\n\\n          metadata_file=\\\"${ebuild_dir}/metadata.xml\\\"\\n          if [ ! -f \\\"$metadata_file\\\" ]; then\\n            cat <<-\\\"METADATA_EOF\\\" > \\\"$metadata_file\\\"\\n<?xml version=\\\"1.0\\\" encoding=\\\"UTF-8\\\"?>\\n<!DOCTYPE pkgmetadata SYSTEM \\\"http://www.gentoo.org/dtd/metadata.dtd\\\">\\n<pkgmetadata>\\n\\t<upstream>\\n\\t\\t<remote-id type=\\\"github\\\">arran4/kjules</remote-id>\\n\\t</upstream>\\n</pkgmetadata>\\nMETADATA_EOF\\n          fi\\n          g2 metadata -m \\\"gentoo@arran4.com:Arran Ubels:person\\\" -u \\\"github:arran4/kjules\\\" \\\"$metadata_file\\\"\\n\\n          tags=$(gh api repos/${{ env.github_owner }}/${{ env.github_repo }}/releases --jq '.[]? | select(type==\\\"object\\\" and has(\\\"tag_name\\\")) | .tag_name')\\n          for tag in $tags; do\\n            originalVersion=\\\"${tag#v}\\\"\\n            # shellcheck disable=SC2034\\n            version=\\\"${tag#v}\\\"\\n\\n            # Semantic Version format check (skip invalid tags)\\n            if ! echo \\\"$version\\\" | egrep -q '^([0-9]+)\\\\.([0-9]+)(\\\\.([0-9]+))?(-r[0-9]+)?((_)(alpha|beta|rc|p)[0-9]*)*$'; then\\n              echo \\\"$tag / $version doesn't match gentoo version regexp; skipping\\\"\\n              continue\\n            fi\\n\\n            ebuild_file=\\\"${ebuild_dir}/${{ env.epn }}-${version}.ebuild\\\"\\n            if [ ! -f \\\"$ebuild_file\\\" ]; then\\n              cmake_content=$(curl -sL \\\"https://raw.githubusercontent.com/${{ env.github_owner }}/${{ env.github_repo }}/${tag}/CMakeLists.txt\\\")\\n\\n              qt6_components=$(echo \\\"$cmake_content\\\" | grep -i \\\"find_package(Qt6\\\" | tr '()' '  ' | sed 's/find_package  *Qt6//i' | tr -s ' ' '\\\\n' | grep -ivE 'REQUIRED|COMPONENTS|CONFIG' | sort -u || true)\\n              kf6_packages=$(echo \\\"$cmake_content\\\" | grep -i \\\"find_package(KF6\\\" | tr '()' '  ' | grep -iv COMPONENTS | awk '{print $2}' | grep -i \\\"^KF6\\\" | sed 's/KF6//i' | sort -u || true)\\n              kf6_components=$(echo \\\"$cmake_content\\\" | grep -i \\\"find_package(KF6\\\" | grep -i COMPONENTS | tr '()' '  ' | sed 's/.*COMPONENTS//i' | tr -s ' ' '\\\\n' | grep -ivE 'REQUIRED' | sort -u || true)\\n\\n              DEPEND=\\\"\\\"\\n              if [ -n \\\"$qt6_components\\\" ]; then\\n                qt6_flags=$(echo \\\"$qt6_components\\\" | grep -ivE 'Test|Svg' | tr '\\\\n' ',' | sed 's/,$//' | tr '[:upper:]' '[:lower:]')\\n                if [ -n \\\"$qt6_flags\\\" ]; then\\n                  DEPEND=\\\"$DEPEND\\\\n\\\\tdev-qt/qtbase:6[$qt6_flags]\\\"\\n                else\\n                  DEPEND=\\\"$DEPEND\\\\n\\\\tdev-qt/qtbase:6\\\"\\n                fi\\n\\n                # Handling qt6 components that map to different Gentoo packages if needed\\n                if echo \\\"$qt6_components\\\" | grep -iq \\\"Svg\\\"; then DEPEND=\\\"$DEPEND\\\\n\\\\tdev-qt/qtsvg:6\\\"; fi\\n              fi\\n\\n              BDEPEND=\\\"virtual/pkgconfig\\\\n\\\\tkde-frameworks/extra-cmake-modules:0\\\"\\n              if echo \\\"$qt6_components\\\" | grep -iq \\\"Test\\\"; then\\n                 BDEPEND=\\\"$BDEPEND\\\\n\\\\tdev-qt/qttools:6[linguist]\\\"\\n              fi\\n\\n              for pkg in $kf6_packages $kf6_components; do\\n                 # Basic mapping logic for KF6\\n                 mapped=$(echo \\\"$pkg\\\" | tr '[:upper:]' '[:lower:]')\\n                 DEPEND=\\\"$DEPEND\\\\n\\\\tkde-frameworks/k${mapped}:6\\\"\\n              done\\n\\n              {\\n                echo \\\"# Copyright $(date +%Y) Gentoo Authors\\\"\\n                echo \\\"# Distributed under the terms of the GNU General Public License v2\\\"\\n                echo \\\"\\\"\\n                echo \\\"EAPI=8\\\"\\n                echo \\\"\\\"\\n                echo \\\"inherit cmake xdg\\\"\\n                echo \\\"\\\"\\n                echo \\\"DESCRIPTION=\\\\\\\"${{ env.description }}\\\\\\\"\\\"\\n                echo \\\"HOMEPAGE=\\\\\\\"${{ env.homepage }}\\\\\\\"\\\"\\n                echo \\\"SRC_URI=\\\\\\\"https://github.com/${{ env.github_owner }}/${{ env.github_repo }}/archive/refs/tags/${tag}.tar.gz -> \\\\${P}.tar.gz\\\\\\\"\\\"\\n                echo \\\"\\\"\\n                echo \\\"LICENSE=\\\\\\\"MIT\\\\\\\"\\\"\\n                echo \\\"SLOT=\\\\\\\"0\\\\\\\"\\\"\\n                echo \\\"KEYWORDS=\\\\\\\"~amd64\\\\\\\"\\\"\\n                echo \\\"IUSE=\\\\\\\"debug\\\\\\\"\\\"\\n                echo \\\"\\\"\\n                echo \\\"DEPEND=\\\\\\\"\\\"\\n                echo -e \\\"$DEPEND\\\"\\n                echo \\\"\\\\\\\"\\\"\\n                echo \\\"RDEPEND=\\\\\\\"\\\\${DEPEND}\\\\\\\"\\\"\\n                echo \\\"BDEPEND=\\\\\\\"\\\"\\n                echo -e \\\"$BDEPEND\\\"\\n                echo \\\"\\\\\\\"\\\"\\n                echo \\\"\\\"\\n              } > \\\"$ebuild_file\\\"\\n\\n              failed=0\\n              if ! g2 manifest upsert-from-url \\\"https://github.com/${{ env.github_owner }}/${{ env.github_repo }}/archive/refs/tags/${tag}.tar.gz\\\" \\\"${{ env.epn }}-${version}.tar.gz\\\" \\\"${ebuild_dir}/Manifest\\\"; then failed=1; fi\\n\\n              if [ \\\"$failed\\\" -eq 1 ]; then\\n                  echo \\\"Failed to generate manifest for $tag. Skipping...\\\"\\n                  rm -f \\\"$ebuild_file\\\"\\n                  continue\\n              fi\\n              echo \\\"generated_tag=${tag}\\\" >> $GITHUB_OUTPUT\\n            fi\\n          done\\n\\n      - name: Generate Overlay\\n        run: |\\n          mkdir -p profiles\\n          echo \\\"overlay_name\\\" > profiles/repo_name\\n          echo \\\"8\\\" > profiles/eapi\\n\\n      - name: Lint output\\n        uses: arran4/g2-action@v1.2\\n        with:\\n          mode: 'run'\\n          action: 'lint .'\\n\\n      - name: Commit and push changes\\n        run: |\\n          ebuild_dir=\\\"./${{ env.ecn }}/${{ env.epn }}\\\"\\n          mkdir -p profiles; [ ! -f profiles/repo_name ] && echo \\\"${{ env.github_repo }}\\\" > profiles/repo_name; [ ! -f profiles/eapi ] && echo \\\"8\\\" > profiles/eapi; g2 cache generate \\\"${{ env.ecn }}/${{ env.epn }}\\\"\\n          git add \\\"./${ebuild_dir}\\\"\\n          git add metadata/md5-cache/ || true\\n          if git commit -m \\\"Add ebuilds for new ${{ env.epn }} releases tag ${generated_tag}\\\"; then\\n            git pull --rebase &&\\n            git push\\n          fi || true\\n        if: steps.process_releases.outputs.generated_tag\\n=== RUN   TestWorkflowTemplates/tags_command\\n=== RUN   TestWorkflowTemplates/tags_command_binary\\n=== RUN   TestWorkflowTemplates/web-binary\\n    template_txtar_test.go:122: Expected string \\\"# Generated using: https://github.com/arran4/arrans_overlay_workflow_builder 1.0.0 Github Cmake Release testdata/txtar/github-cmake/kllamabooks.txtar/input.config 2006-01-02 15:04:05.999999999 -0700 MST\\\\n\\\\nname: app-misc/kjules update\\\\n\\\\npermissions:\\\\n  contents: write\\\\n\\\\non:\\\\n  schedule:\\\\n    - cron: '54 10 * * *'\\\\n  workflow_dispatch:\\\\n  push:\\\\n    paths:\\\\n      - '.github/workflows/app-misc-kjules-update.yaml'\\\\n\\\\nconcurrency:\\\\n  group: ci-${{ github.ref }}\\\\n  cancel-in-progress: false\\\\n\\\\nenv:\\\\n  FORCE_JAVASCRIPT_ACTIONS_TO_NODE24: true\\\\n  ecn: app-misc\\\\n  epn: kjules\\\\n  description: \\\\\\\"A testing client\\\\\\\"\\\\n  homepage: \\\\\\\"https://github.com/arran4/kjules\\\\\\\"\\\\n  github_owner: arran4\\\\n  github_repo: kjules\\\\n\\\\njobs:\\\\n  check-and-create-ebuild:\\\\n    runs-on: ubuntu-latest\\\\n    steps:\\\\n      - name: Checkout repository\\\\n        uses: actions/checkout@v4\\\\n        with:\\\\n          fetch-depth: 0\\\\n\\\\n      - name: Set up Git\\\\n        run: |\\\\n          git config --global user.name 'github-actions[bot]'\\\\n          git config --global user.email 'github-actions[bot]@users.noreply.github.com'\\\\n\\\\n      - name: Install required tools\\\\n        run: |\\\\n          sudo apt-get update\\\\n          sudo apt-get install -y wget jq coreutils curl\\\\n\\\\n      - name: Install g2\\\\n        uses: arran4/g2-action@v1.2\\\\n\\\\n      - name: Process each release\\\\n        id: process_releases\\\\n        run: |\\\\n          ebuild_dir=\\\\\\\"./${{ env.ecn }}/${{ env.epn }}\\\\\\\"\\\\n          mkdir -p \\\\\\\"$ebuild_dir\\\\\\\"\\\\n\\\\n          metadata_file=\\\\\\\"${ebuild_dir}/metadata.xml\\\\\\\"\\\\n          if [ ! -f \\\\\\\"$metadata_file\\\\\\\" ]; then\\\\n            cat <<-\\\\\\\"METADATA_EOF\\\\\\\" > \\\\\\\"$metadata_file\\\\\\\"\\\\n<?xml version=\\\\\\\"1.0\\\\\\\" encoding=\\\\\\\"UTF-8\\\\\\\"?>\\\\n<!DOCTYPE pkgmetadata SYSTEM \\\\\\\"http://www.gentoo.org/dtd/metadata.dtd\\\\\\\">\\\\n<pkgmetadata>\\\\n\\\\t<upstream>\\\\n\\\\t\\\\t<remote-id type=\\\\\\\"github\\\\\\\">arran4/kjules</remote-id>\\\\n\\\\t</upstream>\\\\n</pkgmetadata>\\\\nMETADATA_EOF\\\\n          fi\\\\n          g2 metadata -m \\\\\\\"gentoo@arran4.com:Arran Ubels:person\\\\\\\" -u \\\\\\\"github:arran4/kjules\\\\\\\" \\\\\\\"$metadata_file\\\\\\\"\\\\n\\\\n          tags=$(gh api repos/${{ env.github_owner }}/${{ env.github_repo }}/releases --jq '.[]? | select(type==\\\\\\\"object\\\\\\\" and has(\\\\\\\"tag_name\\\\\\\")) | .tag_name')\\\\n          for tag in $tags; do\\\\n            originalVersion=\\\\\\\"${tag#v}\\\\\\\"\\\\n            # shellcheck disable=SC2034\\\\n            version=\\\\\\\"${tag#v}\\\\\\\"\\\\n\\\\n            # Semantic Version format check (skip invalid tags)\\\\n            if ! echo \\\\\\\"$version\\\\\\\" | egrep -q '^([0-9]+)\\\\\\\\.([0-9]+)(\\\\\\\\.([0-9]+))?(-r[0-9]+)?((_)(alpha|beta|rc|p)[0-9]*)*$'; then\\\\n              echo \\\\\\\"$tag / $version doesn't match gentoo version regexp; skipping\\\\\\\"\\\\n              continue\\\\n            fi\\\\n\\\\n            ebuild_file=\\\\\\\"${ebuild_dir}/${{ env.epn }}-${version}.ebuild\\\\\\\"\\\\n            if [ ! -f \\\\\\\"$ebuild_file\\\\\\\" ]; then\\\\n              cmake_content=$(curl -sL \\\\\\\"https://raw.githubusercontent.com/${{ env.github_owner }}/${{ env.github_repo }}/${tag}/CMakeLists.txt\\\\\\\")\\\\n\\\\n              qt6_components=$(echo \\\\\\\"$cmake_content\\\\\\\" | grep -i \\\\\\\"find_package(Qt6\\\\\\\" | tr '()' '  ' | sed 's/find_package  *Qt6//i' | tr -s ' ' '\\\\\\\\n' | grep -ivE 'REQUIRED|COMPONENTS|CONFIG' | sort -u || true)\\\\n              kf6_packages=$(echo \\\\\\\"$cmake_content\\\\\\\" | grep -i \\\\\\\"find_package(KF6\\\\\\\" | tr '()' '  ' | grep -iv COMPONENTS | awk '{print $2}' | grep -i \\\\\\\"^KF6\\\\\\\" | sed 's/KF6//i' | sort -u || true)\\\\n              kf6_components=$(echo \\\\\\\"$cmake_content\\\\\\\" | grep -i \\\\\\\"find_package(KF6\\\\\\\" | grep -i COMPONENTS | tr '()' '  ' | sed 's/.*COMPONENTS//i' | tr -s ' ' '\\\\\\\\n' | grep -ivE 'REQUIRED' | sort -u || true)\\\\n\\\\n              DEPEND=\\\\\\\"\\\\\\\"\\\\n              if [ -n \\\\\\\"$qt6_components\\\\\\\" ]; then\\\\n                qt6_flags=$(echo \\\\\\\"$qt6_components\\\\\\\" | grep -ivE 'Test|Svg' | tr '\\\\\\\\n' ',' | sed 's/,$//' | tr '[:upper:]' '[:lower:]')\\\\n                if [ -n \\\\\\\"$qt6_flags\\\\\\\" ]; then\\\\n                  DEPEND=\\\\\\\"$DEPEND\\\\\\\\n\\\\\\\\tdev-qt/qtbase:6[$qt6_flags]\\\\\\\"\\\\n                else\\\\n                  DEPEND=\\\\\\\"$DEPEND\\\\\\\\n\\\\\\\\tdev-qt/qtbase:6\\\\\\\"\\\\n                fi\\\\n\\\\n                # Handling qt6 components that map to different Gentoo packages if needed\\\\n                if echo \\\\\\\"$qt6_components\\\\\\\" | grep -iq \\\\\\\"Svg\\\\\\\"; then DEPEND=\\\\\\\"$DEPEND\\\\\\\\n\\\\\\\\tdev-qt/qtsvg:6\\\\\\\"; fi\\\\n              fi\\\\n\\\\n              BDEPEND=\\\\\\\"virtual/pkgconfig\\\\\\\\n\\\\\\\\tkde-frameworks/extra-cmake-modules:0\\\\\\\"\\\\n              if echo \\\\\\\"$qt6_components\\\\\\\" | grep -iq \\\\\\\"Test\\\\\\\"; then\\\\n                 BDEPEND=\\\\\\\"$BDEPEND\\\\\\\\n\\\\\\\\tdev-qt/qttools:6[linguist]\\\\\\\"\\\\n              fi\\\\n\\\\n              for pkg in $kf6_packages $kf6_components; do\\\\n                 # Basic mapping logic for KF6\\\\n                 mapped=$(echo \\\\\\\"$pkg\\\\\\\" | tr '[:upper:]' '[:lower:]')\\\\n                 DEPEND=\\\\\\\"$DEPEND\\\\\\\\n\\\\\\\\tkde-frameworks/k${mapped}:6\\\\\\\"\\\\n              done\\\\n\\\\n              {\\\\n                echo \\\\\\\"# Copyright $(date +%Y) Gentoo Authors\\\\\\\"\\\\n                echo \\\\\\\"# Distributed under the terms of the GNU General Public License v2\\\\\\\"\\\\n                echo \\\\\\\"\\\\\\\"\\\\n                echo \\\\\\\"EAPI=8\\\\\\\"\\\\n                echo \\\\\\\"\\\\\\\"\\\\n                echo \\\\\\\"inherit cmake xdg\\\\\\\"\\\\n                echo \\\\\\\"\\\\\\\"\\\\n                echo \\\\\\\"DESCRIPTION=\\\\\\\\\\\\\\\"${{ env.description }}\\\\\\\\\\\\\\\"\\\\\\\"\\\\n                echo \\\\\\\"HOMEPAGE=\\\\\\\\\\\\\\\"${{ env.homepage }}\\\\\\\\\\\\\\\"\\\\\\\"\\\\n                echo \\\\\\\"SRC_URI=\\\\\\\\\\\\\\\"https://github.com/${{ env.github_owner }}/${{ env.github_repo }}/archive/refs/tags/${tag}.tar.gz -> \\\\\\\\${P}.tar.gz\\\\\\\\\\\\\\\"\\\\\\\"\\\\n                echo \\\\\\\"\\\\\\\"\\\\n                echo \\\\\\\"LICENSE=\\\\\\\\\\\\\\\"MIT\\\\\\\\\\\\\\\"\\\\\\\"\\\\n                echo \\\\\\\"SLOT=\\\\\\\\\\\\\\\"0\\\\\\\\\\\\\\\"\\\\\\\"\\\\n                echo \\\\\\\"KEYWORDS=\\\\\\\\\\\\\\\"~amd64\\\\\\\\\\\\\\\"\\\\\\\"\\\\n                echo \\\\\\\"IUSE=\\\\\\\\\\\\\\\"debug\\\\\\\\\\\\\\\"\\\\\\\"\\\\n                echo \\\\\\\"\\\\\\\"\\\\n                echo \\\\\\\"DEPEND=\\\\\\\\\\\\\\\"\\\\\\\"\\\\n                echo -e \\\\\\\"$DEPEND\\\\\\\"\\\\n                echo \\\\\\\"\\\\\\\\\\\\\\\"\\\\\\\"\\\\n                echo \\\\\\\"RDEPEND=\\\\\\\\\\\\\\\"\\\\\\\\${DEPEND}\\\\\\\\\\\\\\\"\\\\\\\"\\\\n                echo \\\\\\\"BDEPEND=\\\\\\\\\\\\\\\"\\\\\\\"\\\\n                echo -e \\\\\\\"$BDEPEND\\\\\\\"\\\\n                echo \\\\\\\"\\\\\\\\\\\\\\\"\\\\\\\"\\\\n                echo \\\\\\\"\\\\\\\"\\\\n              } > \\\\\\\"$ebuild_file\\\\\\\"\\\\n\\\\n              failed=0\\\\n              if ! g2 manifest upsert-from-url \\\\\\\"https://github.com/${{ env.github_owner }}/${{ env.github_repo }}/archive/refs/tags/${tag}.tar.gz\\\\\\\" \\\\\\\"${{ env.epn }}-${version}.tar.gz\\\\\\\" \\\\\\\"${ebuild_dir}/Manifest\\\\\\\"; then failed=1; fi\\\\n\\\\n              if [ \\\\\\\"$failed\\\\\\\" -eq 1 ]; then\\\\n                  echo \\\\\\\"Failed to generate manifest for $tag. Skipping...\\\\\\\"\\\\n                  rm -f \\\\\\\"$ebuild_file\\\\\\\"\\\\n                  continue\\\\n              fi\\\\n              echo \\\\\\\"generated_tag=${tag}\\\\\\\" >> $GITHUB_OUTPUT\\\\n            fi\\\\n          done\\\\n\\\\n      - name: Generate Overlay\\\\n        run: |\\\\n          mkdir -p profiles\\\\n          echo \\\\\\\"overlay_name\\\\\\\" > profiles/repo_name\\\\n          echo \\\\\\\"8\\\\\\\" > profiles/eapi\\\\n\\\\n      - name: Lint output\\\\n        uses: arran4/g2-action@v1.2\\\\n        with:\\\\n          mode: 'run'\\\\n          action: 'lint .'\\\\n\\\\n      - name: Commit and push changes\\\\n        run: |\\\\n          ebuild_dir=\\\\\\\"./${{ env.ecn }}/${{ env.epn }}\\\\\\\"\\\\n          mkdir -p profiles; [ ! -f profiles/repo_name ] && echo \\\\\\\"${{ env.github_repo }}\\\\\\\" > profiles/repo_name; [ ! -f profiles/eapi ] && echo \\\\\\\"8\\\\\\\" > profiles/eapi; g2 cache generate \\\\\\\"${{ env.ecn }}/${{ env.epn }}\\\\\\\"\\\\n          git add \\\\\\\"./${ebuild_dir}\\\\\\\"\\\\n          git add metadata/md5-cache/ || true\\\\n          if git commit -m \\\\\\\"Add ebuilds for new ${{ env.epn }} releases tag ${generated_tag}\\\\\\\"; then\\\\n            git pull --rebase &&\\\\n            git push\\\\n          fi || true\\\\n        if: steps.process_releases.outputs.generated_tag\\\\n=== RUN   TestWorkflowTemplates/tags_command\\\\n=== RUN   TestWorkflowTemplates/tags_command_binary\\\\n=== RUN   TestWorkflowTemplates/web-binary\\\\n    template_txtar_test.go:122: Expected string \\\\\\\"# Generated using: https://github.com/arran4/arrans_overlay_workflow_builder 1.0.0 Web Binary testdata/txtar/web-binary/web-binary.txtar/input.config 2006-01-02 15:04:05.999999999 -0700 MST\\\\\\\\n\\\\\\\\nname: app-admin/google-cloud-sdk-bin update\\\\\\\\n\\\\\\\\npermissions:\\\\\\\\n  contents: write\\\\\\\\n\\\\\\\\non:\\\\\\\\n  schedule:\\\\\\\\n    - cron: '24 2 * * *'\\\\\\\\n  workflow_dispatch:\\\\\\\\n  push:\\\\\\\\n    paths:\\\\\\\\n      - '.github/workflows/app-admin-google-cloud-sdk-bin-update.yaml'\\\\\\\\n\\\\\\\\nconcurrency:\\\\\\\\n  group: ci-${{ github.ref }}\\\\\\\\n  cancel-in-progress: false\\\\\\\\n\\\\\\\\nenv:\\\\\\\\n  ecn: app-admin\\\\\\\\n  epn: google-cloud-sdk-bin\\\\\\\\n  description: \\\\\\\\\\\\\\\"Google Cloud SDK\\\\\\\\\\\\\\\"\\\\\\\\n  homepage: \\\\\\\\\\\\\\\"https://cloud.google.com/sdk/\\\\\\\\\\\\\\\"\\\\\\\\n  github_owner: \\\\\\\\n  github_repo: google-cloud-sdk\\\\\\\\n  keywords: ~amd64 ~arm64 ~x86\\\\\\\\n  workflow_filename: app-admin-google-cloud-sdk-bin-update.yaml\\\\\\\\n  google-cloud-cli_binary_installed_name: 'gcloud'\\\\\\\\n  google-cloud-cli_binary_archived_name_amd64: 'gcloud'\\\\\\\\n  \\\\\\\\n  google-cloud-cli_release_name_amd64: 'google-cloud-cli-\\\\\\\\\\\\\\\\${PV}-linux-x86_64.tar.gz'\\\\\\\\n  \\\\\\\\n  google-cloud-cli_binary_archived_name_arm64: 'gcloud'\\\\\\\\n  \\\\\\\\n  google-cloud-cli_release_name_arm64: 'google-cloud-cli-\\\\\\\\\\\\\\\\${PV}-linux-arm.tar.gz'\\\\\\\\n  \\\\\\\\n  google-cloud-cli_binary_archived_name_x86: 'gcloud'\\\\\\\\n  \\\\\\\\n  google-cloud-cli_release_name_x86: 'google-cloud-cli-\\\\\\\\\\\\\\\\${PV}-linux-x86.tar.gz'\\\\\\\\n  \\\\\\\\n  \\\\\\\\n\\\\\\\\njobs:\\\\\\\\n  check-and-create-ebuild:\\\\\\\\n    runs-on: ubuntu-latest\\\\\\\\n    steps:\\\\\\\\n      - name: Checkout repository\\\\\\\\n        uses: actions/checkout@v2\\\\\\\\n\\\\\\\\n      - name: Set up Git\\\\\\\\n        run: |\\\\\\\\n          git config --global user.name 'github-actions[bot]'\\\\\\\\n          git config --global user.email 'github-actions[bot]@users.noreply.github.com'\\\\\\\\n\\\\\\\\n      - name: Install g2\\\\\\\\n        uses: arran4/g2-action@v1.2\\\\\\\\n\\\\\\\\n      - name: Process each release\\\\\\\\n        id: process_releases\\\\\\\\n        run: |\\\\\\\\n          ebuild_dir=\\\\\\\\\\\\\\\"./${{ env.ecn }}/${{ env.epn }}\\\\\\\\\\\\\\\"\\\\\\\\n          mkdir -p \\\\\\\\\\\\\\\"$ebuild_dir\\\\\\\\\\\\\\\"\\\\\\\\n          metadata_file=\\\\\\\\\\\\\\\"${ebuild_dir}/metadata.xml\\\\\\\\\\\\\\\"\\\\\\\\n          g2 metadata -m \\\\\\\\\\\\\\\"gentoo@arran4.com:Arran Ubels:person\\\\\\\\\\\\\\\" --use-add \\\\\\\\\\\\\\\"amd64:Enable amd64\\\\\\\\\\\\\\\" --use-add \\\\\\\\\\\\\\\"arm64:Enable arm64\\\\\\\\\\\\\\\" --use-add \\\\\\\\\\\\\\\"x86:Enable x86\\\\\\\\\\\\\\\" \\\\\\\\\\\\\\\"$metadata_file\\\\\\\\\\\\\\\"\\\\\\\\n          declare -A releaseTypes=()\\\\\\\\n          if [ -z \\\\\\\\\\\\\\\"curl -s -L https://cloud.google.com/sdk/docs/release-notes | grep -m 1 -oE 'data-text=\\\\\\\\\\\\\\\"[0-9]+\\\\\\\\\\\\\\\\.[0-9]+\\\\\\\\\\\\\\\\.[0-9]+' | cut -d '\\\\\\\\\\\\\\\"' -f 2\\\\\\\\\\\\\\\" ]; then\\\\\\\\n             echo \\\\\\\\\\\\\\\"TagsCommand is required for Web Binary configurations\\\\\\\\\\\\\\\" >&2\\\\\\\\n             exit 1\\\\\\\\n          fi\\\\\\\\n          tags=$(curl -s -L https://cloud.google.com/sdk/docs/release-notes | grep -m 1 -oE 'data-text=\\\\\\\\\\\\\\\"[0-9]+\\\\\\\\\\\\\\\\.[0-9]+\\\\\\\\\\\\\\\\.[0-9]+' | cut -d '\\\\\\\\\\\\\\\"' -f 2)\\\\\\\\n          # shellcheck disable=SC2086\\\\\\\\n          for tag in $tags; do\\\\\\\\n            version=\\\\\\\\\\\\\\\"${tag#v}\\\\\\\\\\\\\\\"\\\\\\\\n            if echo \\\\\\\\\\\\\\\"$tag\\\\\\\\\\\\\\\" | grep -qE '^v?[0-9]'; then\\\\\\\\n                version=\\\\\\\\\\\\\\\"${tag#v}\\\\\\\\\\\\\\\"\\\\\\\\n            elif [ \\\\\\\\\\\\\\\"${version}\\\\\\\\\\\\\\\" = \\\\\\\\\\\\\\\"${tag}\\\\\\\\\\\\\\\" ]; then\\\\\\\\n                echo \\\\\\\\\\\\\\\"$version == $tag so there is no v removed skipping\\\\\\\\\\\\\\\"\\\\\\\\n                continue\\\\\\\\n            fi\\\\\\\\n\\\\\\\\n            # shellcheck disable=SC2034\\\\\\\\n            originalVersion=\\\\\\\\\\\\\\\"${version}\\\\\\\\\\\\\\\"\\\\\\\\n            if ! echo \\\\\\\\\\\\\\\"${version}\\\\\\\\\\\\\\\" | grep -E '^([0-9]+)\\\\\\\\\\\\\\\\.([0-9]+)(\\\\\\\\\\\\\\\\.([0-9]+))?(-r[0-9]+)?((_)(alpha|beta|rc|p)[0-9]*)*$'; then\\\\\\\\n                echo \\\\\\\\\\\\\\\"tag / $version doesn't match regexp\\\\\\\\\\\\\\\";\\\\\\\\n                continue;\\\\\\\\n            fi\\\\\\\\n            releaseType=\\\\\\\\\\\\\\\"$(echo \\\\\\\\\\\\\\\"${version}\\\\\\\\\\\\\\\" | sed -n 's/^[^_]\\\\\\\\\\\\\\\\+_\\\\\\\\\\\\\\\\(alpha\\\\\\\\\\\\\\\\|beta\\\\\\\\\\\\\\\\|rc\\\\\\\\\\\\\\\\|p[0-9]*\\\\\\\\\\\\\\\\).*$/\\\\\\\\\\\\\\\\1/p')\\\\\\\\\\\\\\\"\\\\\\\\n            if [[ ! -v releaseTypes[${releaseType:=release}] ]]; then\\\\\\\\n                if [[ -v releaseTypes[release] ]]; then\\\\\\\\n                  echo \\\\\\\\\\\\\\\"Already have a newer main release: ${releaseTypes[release]}\\\\\\\\\\\\\\\"\\\\\\\\n                  continue\\\\\\\\n                fi\\\\\\\\n                releaseTypes[${releaseType:=release}]=\\\\\\\\\\\\\\\"${version}\\\\\\\\\\\\\\\"\\\\\\\\n            else\\\\\\\\n                echo \\\\\\\\\\\\\\\"Already have a newer ${releaseType:=release} release: ${releaseTypes[${releaseType:=release}]}\\\\\\\\\\\\\\\"\\\\\\\\n                continue\\\\\\\\n            fi\\\\\\\\n            ebuild_file=\\\\\\\\\\\\\\\"${ebuild_dir}/${{ env.epn }}-${version}.ebuild\\\\\\\\\\\\\\\"\\\\\\\\n            if [ ! -f \\\\\\\\\\\\\\\"$ebuild_file\\\\\\\\\\\\\\\" ]; then\\\\\\\\n\\\\\\\\n              # shellcheck disable=SC2016\\\\\\\\n              {\\\\\\\\n                echo '# Generated via: https://github.com/arran4/arrans_overlay/blob/main/.github/workflows/${{ env.workflow_filename }}'\\\\\\\\n                echo 'EAPI=8'\\\\\\\\n                echo \\\\\\\\\\\\\\\"DESCRIPTION=\\\\\\\\\\\\\\\\\\\\\\\\\\\\\\\"${{ env.description }}\\\\\\\\\\\\\\\\\\\\\\\\\\\\\\\"\\\\\\\\\\\\\\\"\\\\\\\\n                echo \\\\\\\\\\\\\\\"HOMEPAGE=\\\\\\\\\\\\\\\\\\\\\\\\\\\\\\\"${{ env.homepage }}\\\\\\\\\\\\\\\\\\\\\\\\\\\\\\\"\\\\\\\\\\\\\\\"\\\\\\\\n                echo 'SRC_URI=\\\\\\\\\\\\\\\"'\\\\\\\\n                echo \\\\\\\\\\\\\\\"\\\\\\\\tamd64? (  https://dl.google.com/dl/cloudsdk/channels/rapid/downloads/google-cloud-cli-\\\\\\\\\\\\\\\\${PV}-linux-x86_64.tar.gz -> \\\\\\\\\\\\\\\\${P}-google-cloud-cli-\\\\\\\\\\\\\\\\${PV}-linux-x86_64.tar.gz  )  \\\\\\\\\\\\\\\"\\\\\\\\n\\\\\\\\n                echo \\\\\\\\\\\\\\\"\\\\\\\\tarm64? (  https://dl.google.com/dl/cloudsdk/channels/rapid/downloads/google-cloud-cli-\\\\\\\\\\\\\\\\${PV}-linux-arm.tar.gz -> \\\\\\\\\\\\\\\\${P}-google-cloud-cli-\\\\\\\\\\\\\\\\${PV}-linux-arm.tar.gz  )  \\\\\\\\\\\\\\\"\\\\\\\\n\\\\\\\\n                echo \\\\\\\\\\\\\\\"\\\\\\\\tx86? (  https://dl.google.com/dl/cloudsdk/channels/rapid/downloads/google-cloud-cli-\\\\\\\\\\\\\\\\${PV}-linux-x86.tar.gz -> \\\\\\\\\\\\\\\\${P}-google-cloud-cli-\\\\\\\\\\\\\\\\${PV}-linux-x86.tar.gz  )  \\\\\\\\\\\\\\\"\\\\\\\\n\\\\\\\\n                echo '\\\\\\\\\\\\\\\"'\\\\\\\\n                echo 'LICENSE=\\\\\\\\\\\\\\\"Apache-2.0\\\\\\\\\\\\\\\"'\\\\\\\\n                echo 'SLOT=\\\\\\\\\\\\\\\"0\\\\\\\\\\\\\\\"'\\\\\\\\n                echo 'KEYWORDS=\\\\\\\\\\\\\\\"${{ env.keywords }}\\\\\\\\\\\\\\\"'\\\\\\\\n                echo -n 'IUSE=\\\\\\\\\\\\\\\"'\\\\\\\\n                echo -n ''\\\\\\\\n                echo -n ''\\\\\\\\n                echo -n ''\\\\\\\\n                echo -n ''\\\\\\\\n                echo -n ''\\\\\\\\n                echo -n ' amd64 arm64 x86'\\\\\\\\n                echo '\\\\\\\\\\\\\\\"'\\\\\\\\n                echo ''\\\\\\\\n                echo -n 'REQUIRED_USE=\\\\\\\\\\\\\\\"'\\\\\\\\n                echo -n ''\\\\\\\\n                echo '\\\\\\\\\\\\\\\"'\\\\\\\\n                echo ''\\\\\\\\n                echo -n 'RDEPEND=\\\\\\\\\\\\\\\"'\\\\\\\\n                echo -n ''\\\\\\\\n                echo -n ''\\\\\\\\n                echo '\\\\\\\\\\\\\\\"'\\\\\\\\n                echo ''\\\\\\\\n                echo 'S=\\\\\\\\\\\\\\\"${WORKDIR}\\\\\\\\\\\\\\\"'\\\\\\\\n                echo ''\\\\\\\\n                echo 'src_unpack() {'\\\\\\\\n                echo '  if use amd64; then'\\\\\\\\n                echo \\\\\\\\\\\\\\\"    unpack \\\\\\\\\\\\\\\\\\\\\\\\\\\\\\\"\\\\\\\\\\\\\\\\${DISTDIR}/\\\\\\\\\\\\\\\\${P}-google-cloud-cli-\\\\\\\\\\\\\\\\${PV}-linux-x86_64.tar.gz\\\\\\\\\\\\\\\\\\\\\\\\\\\\\\\" || die \\\\\\\\\\\\\\\\\\\\\\\\\\\\\\\"Can't unpack archive file\\\\\\\\\\\\\\\\\\\\\\\\\\\\\\\"\\\\\\\\\\\\\\\"\\\\\\\\n                echo '  fi'\\\\\\\\n  \\\\\\\\n\\\\\\\\n                echo '  if use arm64; then'\\\\\\\\n                echo \\\\\\\\\\\\\\\"    unpack \\\\\\\\\\\\\\\\\\\\\\\\\\\\\\\"\\\\\\\\\\\\\\\\${DISTDIR}/\\\\\\\\\\\\\\\\${P}-google-cloud-cli-\\\\\\\\\\\\\\\\${PV}-linux-arm.tar.gz\\\\\\\\\\\\\\\\\\\\\\\\\\\\\\\" || die \\\\\\\\\\\\\\\\\\\\\\\\\\\\\\\"Can't unpack archive file\\\\\\\\\\\\\\\\\\\\\\\\\\\\\\\"\\\\\\\\\\\\\\\"\\\\\\\\n                echo '  fi'\\\\\\\\n  \\\\\\\\n\\\\\\\\n                echo '  if use x86; then'\\\\\\\\n                echo \\\\\\\\\\\\\\\"    unpack \\\\\\\\\\\\\\\\\\\\\\\\\\\\\\\"\\\\\\\\\\\\\\\\${DISTDIR}/\\\\\\\\\\\\\\\\${P}-google-cloud-cli-\\\\\\\\\\\\\\\\${PV}-linux-x86.tar.gz\\\\\\\\\\\\\\\\\\\\\\\\\\\\\\\" || die \\\\\\\\\\\\\\\\\\\\\\\\\\\\\\\"Can't unpack archive file\\\\\\\\\\\\\\\\\\\\\\\\\\\\\\\"\\\\\\\\\\\\\\\"\\\\\\\\n                echo '  fi'\\\\\\\\n  \\\\\\\\n\\\\\\\\n                echo '}'\\\\\\\\n                \\\\\\\\n                echo ''\\\\\\\\n                echo 'src_install() {'\\\\\\\\n                echo '  exeinto /opt/bin'\\\\\\\\n                echo '  if use amd64; then'\\\\\\\\n                echo '    newexe \\\\\\\\\\\\\\\"${{ env.google-cloud-cli_binary_archived_name_amd64 }}\\\\\\\\\\\\\\\" \\\\\\\\\\\\\\\"${{ env.google-cloud-cli_binary_installed_name }}\\\\\\\\\\\\\\\" || die \\\\\\\\\\\\\\\"Failed to install Binary\\\\\\\\\\\\\\\"'\\\\\\\\n                echo '  fi'\\\\\\\\n    \\\\\\\\n  \\\\\\\\n                echo '  if use arm64; then'\\\\\\\\n                echo '    newexe \\\\\\\\\\\\\\\"${{ env.google-cloud-cli_binary_archived_name_arm64 }}\\\\\\\\\\\\\\\" \\\\\\\\\\\\\\\"${{ env.google-cloud-cli_binary_installed_name }}\\\\\\\\\\\\\\\" || die \\\\\\\\\\\\\\\"Failed to install Binary\\\\\\\\\\\\\\\"'\\\\\\\\n                echo '  fi'\\\\\\\\n    \\\\\\\\n  \\\\\\\\n                echo '  if use x86; then'\\\\\\\\n                echo '    newexe \\\\\\\\\\\\\\\"${{ env.google-cloud-cli_binary_archived_name_x86 }}\\\\\\\\\\\\\\\" \\\\\\\\\\\\\\\"${{ env.google-cloud-cli_binary_installed_name }}\\\\\\\\\\\\\\\" || die \\\\\\\\\\\\\\\"Failed to install Binary\\\\\\\\\\\\\\\"'\\\\\\\\n                echo '  fi'\\\\\\\\n    \\\\\\\\n  \\\\\\\\n\\\\\\\\n                echo '}'\\\\\\\\n              } > $ebuild_file\\\\\\\\n\\\\\\\\n              # Manifest generation\\\\\\\\n              failed=0\\\\\\\\n\\\\\\\\n              if ! g2 manifest upsert-from-url \\\\\\\\\\\\\\\"https://dl.google.com/dl/cloudsdk/channels/rapid/downloads/google-cloud-cli-${version}-linux-x86_64.tar.gz\\\\\\\\\\\\\\\" \\\\\\\\\\\\\\\"${{ env.epn }}-${version}-google-cloud-cli-${version}-linux-x86_64.tar.gz\\\\\\\\\\\\\\\" \\\\\\\\\\\\\\\"${ebuild_dir}/Manifest\\\\\\\\\\\\\\\"; then failed=1; fi\\\\\\\\n    \\\\\\\\n\\\\\\\\n\\\\\\\\n              if ! g2 manifest upsert-from-url \\\\\\\\\\\\\\\"https://dl.google.com/dl/cloudsdk/channels/rapid/downloads/google-cloud-cli-${version}-linux-arm.tar.gz\\\\\\\\\\\\\\\" \\\\\\\\\\\\\\\"${{ env.epn }}-${version}-google-cloud-cli-${version}-linux-arm.tar.gz\\\\\\\\\\\\\\\" \\\\\\\\\\\\\\\"${ebuild_dir}/Manifest\\\\\\\\\\\\\\\"; then failed=1; fi\\\\\\\\n    \\\\\\\\n\\\\\\\\n\\\\\\\\n              if ! g2 manifest upsert-from-url \\\\\\\\\\\\\\\"https://dl.google.com/dl/cloudsdk/channels/rapid/downloads/google-cloud-cli-${version}-linux-x86.tar.gz\\\\\\\\\\\\\\\" \\\\\\\\\\\\\\\"${{ env.epn }}-${version}-google-cloud-cli-${version}-linux-x86.tar.gz\\\\\\\\\\\\\\\" \\\\\\\\\\\\\\\"${ebuild_dir}/Manifest\\\\\\\\\\\\\\\"; then failed=1; fi\\\\\\\\n    \\\\\\\\n\\\\\\\\n\\\\\\\\n              if [ \\\\\\\\\\\\\\\"$failed\\\\\\\\\\\\\\\" -eq 1 ]; then\\\\\\\\n                  echo \\\\\\\\\\\\\\\"Failed to generate manifest for $tag. Skipping...\\\\\\\\\\\\\\\"\\\\\\\\n                  rm -f \\\\\\\\\\\\\\\"$ebuild_file\\\\\\\\\\\\\\\"\\\\\\\\n                  continue\\\\\\\\n              fi\\\\\\\\n              echo \\\\\\\\\\\\\\\"generated_tag=${tag}\\\\\\\\\\\\\\\" >> $GITHUB_OUTPUT\\\\\\\\n            fi\\\\\\\\n          done\\\\\\\\n\\\\\\\\n      - name: Generate Overlay\\\\\\\\n        run: |\\\\\\\\n          mkdir -p profiles\\\\\\\\n          echo \\\\\\\\\\\\\\\"overlay_name\\\\\\\\\\\\\\\" > profiles/repo_name\\\\\\\\n          echo \\\\\\\\\\\\\\\"8\\\\\\\\\\\\\\\" > profiles/eapi\\\\\\\\n\\\\\\\\n      - name: Lint output\\\\\\\\n        uses: arran4/g2-action@v1.2\\\\\\\\n        with:\\\\\\\\n          mode: 'run'\\\\\\\\n          action: 'lint .'\\\\\\\\n\\\\\\\\n      - name: Commit and push changes\\\\\\\\n        run: |\\\\\\\\n          ebuild_dir=\\\\\\\\\\\\\\\"./${{ env.ecn }}/${{ env.epn }}\\\\\\\\\\\\\\\"\\\\\\\\n          mkdir -p profiles; [ ! -f profiles/repo_name ] && echo \\\\\\\\\\\\\\\"${{ env.github_repo }}\\\\\\\\\\\\\\\" > profiles/repo_name; [ ! -f profiles/eapi ] && echo \\\\\\\\\\\\\\\"8\\\\\\\\\\\\\\\" > profiles/eapi; g2 cache generate \\\\\\\\\\\\\\\"${{ env.ecn }}/${{ env.epn }}\\\\\\\\\\\\\\\"\\\\\\\\n          git add \\\\\\\\\\\\\\\"./${ebuild_dir}\\\\\\\\\\\\\\\"\\\\\\\\n          git add metadata/md5-cache/ || true\\\\\\\\n          if git commit -m \\\\\\\\\\\\\\\"Add ebuilds for new ${{ env.epn }} releases tag ${generated_tag}\\\\\\\\\\\\\\\"; then\\\\\\\\n            git pull --rebase &&\\\\\\\\n            git push\\\\\\\\n          fi || true\\\\\\\\n        if: steps.process_releases.outputs.generated_tag\\\\\\\" not found in output for testdata/txtar/web-binary/web-binary.txtar.\\\" not found in output for testdata/txtar/web-binary/web-binary.txtar.\" not found in output for testdata/txtar/web-binary/web-binary.txtar." not found in output for testdata/txtar/github-cmake/kllamabooks.txtar. Result was:
        # Generated using: https://github.com/arran4/arrans_overlay_workflow_builder 1.0.0 Github Cmake Release test.config 2026-07-12 00:00:00 +0000 UTC

        name: app-misc/kjules update

        permissions:
          contents: write

        on:
          schedule:
            - cron: '54 10 * * *'
          workflow_dispatch:
          push:
            paths:
              - '.github/workflows/app-misc-kjules-update.yaml'

        concurrency:
          group: ci-${{ github.ref }}
          cancel-in-progress: false

        env:
          FORCE_JAVASCRIPT_ACTIONS_TO_NODE24: true
          ecn: app-misc
          epn: kjules
          description: "A testing client"
          homepage: "https://github.com/arran4/kjules"
          github_owner: arran4
          github_repo: kjules

        jobs:
          check-and-create-ebuild:
            runs-on: ubuntu-latest
            steps:
              - name: Checkout repository
                uses: actions/checkout@v4
                with:
                  fetch-depth: 0

              - name: Set up Git
                run: |
                  git config --global user.name 'github-actions[bot]'
                  git config --global user.email 'github-actions[bot]@users.noreply.github.com'

              - name: Install required tools
                run: |
                  sudo apt-get update
                  sudo apt-get install -y wget jq coreutils curl

              - name: Install g2
                uses: arran4/g2-action@v1.2

              - name: Process each release
                id: process_releases
                run: |
                  ebuild_dir="./${{ env.ecn }}/${{ env.epn }}"
                  mkdir -p "$ebuild_dir"

                  metadata_file="${ebuild_dir}/metadata.xml"
                  if [ ! -f "$metadata_file" ]; then
                    cat <<-"METADATA_EOF" > "$metadata_file"
        <?xml version="1.0" encoding="UTF-8"?>
        <!DOCTYPE pkgmetadata SYSTEM "http://www.gentoo.org/dtd/metadata.dtd">
        <pkgmetadata>
		<upstream>
			<remote-id type="github">arran4/kjules</remote-id>
		</upstream>
        </pkgmetadata>
        METADATA_EOF
                  fi
                  g2 metadata -m "gentoo@arran4.com:Arran Ubels:person" -u "github:arran4/kjules" "$metadata_file"

                  tags=$(gh api repos/${{ env.github_owner }}/${{ env.github_repo }}/releases --jq '.[]? | select(type=="object" and has("tag_name")) | .tag_name')
                  for tag in $tags; do
                    originalVersion="${tag#v}"
                    # shellcheck disable=SC2034
                    version="${tag#v}"

                    # Semantic Version format check (skip invalid tags)
                    if ! echo "$version" | egrep -q '^([0-9]+)\.([0-9]+)(\.([0-9]+))?(-r[0-9]+)?((_)(alpha|beta|rc|p)[0-9]*)*$'; then
                      echo "$tag / $version doesn't match gentoo version regexp; skipping"
                      continue
                    fi

                    ebuild_file="${ebuild_dir}/${{ env.epn }}-${version}.ebuild"
                    if [ ! -f "$ebuild_file" ]; then
                      cmake_content=$(curl -sL "https://raw.githubusercontent.com/${{ env.github_owner }}/${{ env.github_repo }}/${tag}/CMakeLists.txt")

                      qt6_components=$(echo "$cmake_content" | grep -i "find_package(Qt6" | tr '()' '  ' | sed 's/find_package  *Qt6//i' | tr -s ' ' '\n' | grep -ivE 'REQUIRED|COMPONENTS|CONFIG' | sort -u || true)
                      kf6_packages=$(echo "$cmake_content" | grep -i "find_package(KF6" | tr '()' '  ' | grep -iv COMPONENTS | awk '{print $2}' | grep -i "^KF6" | sed 's/KF6//i' | sort -u || true)
                      kf6_components=$(echo "$cmake_content" | grep -i "find_package(KF6" | grep -i COMPONENTS | tr '()' '  ' | sed 's/.*COMPONENTS//i' | tr -s ' ' '\n' | grep -ivE 'REQUIRED' | sort -u || true)

                      DEPEND=""
                      if [ -n "$qt6_components" ]; then
                        qt6_flags=$(echo "$qt6_components" | grep -ivE 'Test|Svg' | tr '\n' ',' | sed 's/,$//' | tr '[:upper:]' '[:lower:]')
                        if [ -n "$qt6_flags" ]; then
                          DEPEND="$DEPEND\n\tdev-qt/qtbase:6[$qt6_flags]"
                        else
                          DEPEND="$DEPEND\n\tdev-qt/qtbase:6"
                        fi

                        # Handling qt6 components that map to different Gentoo packages if needed
                        if echo "$qt6_components" | grep -iq "Svg"; then DEPEND="$DEPEND\n\tdev-qt/qtsvg:6"; fi
                      fi

                      BDEPEND="virtual/pkgconfig\n\tkde-frameworks/extra-cmake-modules:0"
                      if echo "$qt6_components" | grep -iq "Test"; then
                         BDEPEND="$BDEPEND\n\tdev-qt/qttools:6[linguist]"
                      fi

                      for pkg in $kf6_packages $kf6_components; do
                         # Basic mapping logic for KF6
                         mapped=$(echo "$pkg" | tr '[:upper:]' '[:lower:]')
                         DEPEND="$DEPEND\n\tkde-frameworks/k${mapped}:6"
                      done

                      {
                        echo "# Copyright $(date +%Y) Gentoo Authors"
                        echo "# Distributed under the terms of the GNU General Public License v2"
                        echo ""
                        echo "EAPI=8"
                        echo ""
                        echo "inherit cmake xdg"
                        echo ""
                        echo "DESCRIPTION=\"${{ env.description }}\""
                        echo "HOMEPAGE=\"${{ env.homepage }}\""
                        echo "SRC_URI=\"https://github.com/${{ env.github_owner }}/${{ env.github_repo }}/archive/refs/tags/${tag}.tar.gz -> \${P}.tar.gz\""
                        echo ""
                        echo "LICENSE=\"MIT\""
                        echo "SLOT=\"0\""
                        echo "KEYWORDS=\"~amd64\""
                        echo "IUSE=\"debug\""
                        echo ""
                        echo "DEPEND=\""
                        echo -e "$DEPEND"
                        echo "\""
                        echo "RDEPEND=\"\${DEPEND}\""
                        echo "BDEPEND=\""
                        echo -e "$BDEPEND"
                        echo "\""
                        echo ""
                      } > "$ebuild_file"

                      failed=0
                      if ! g2 manifest upsert-from-url "https://github.com/${{ env.github_owner }}/${{ env.github_repo }}/archive/refs/tags/${tag}.tar.gz" "${{ env.epn }}-${version}.tar.gz" "${ebuild_dir}/Manifest"; then failed=1; fi

                      if [ "$failed" -eq 1 ]; then
                          echo "Failed to generate manifest for $tag. Skipping..."
                          rm -f "$ebuild_file"
                          continue
                      fi
                      echo "generated_tag=${tag}" >> $GITHUB_OUTPUT
                    fi
                  done

              - name: Generate Overlay
                run: |
                  mkdir -p profiles
                  echo "overlay_name" > profiles/repo_name
                  echo "8" > profiles/eapi

              - name: Lint output
                uses: arran4/g2-action@v1.2
                with:
                  mode: 'run'
                  action: 'lint .'

              - name: Commit and push changes
                run: |
                  ebuild_dir="./${{ env.ecn }}/${{ env.epn }}"
                  mkdir -p profiles; [ ! -f profiles/repo_name ] && echo "${{ env.github_repo }}" > profiles/repo_name; [ ! -f profiles/eapi ] && echo "8" > profiles/eapi; g2 cache generate "${{ env.ecn }}/${{ env.epn }}"
                  git add "./${ebuild_dir}"
                  git add metadata/md5-cache/ || true
                  if git commit -m "Add ebuilds for new ${{ env.epn }} releases tag ${generated_tag}"; then
                    git pull --rebase &&
                    git push
                  fi || true
                if: steps.process_releases.outputs.generated_tag
=== RUN   TestWorkflowTemplates/tags_command
=== RUN   TestWorkflowTemplates/tags_command_binary
=== RUN   TestWorkflowTemplates/web-binary
    template_txtar_test.go:122: Expected string "# Generated using: https://github.com/arran4/arrans_overlay_workflow_builder 1.0.0 Github Cmake Release test.config 2006-01-02 15:04:05.999999999 -0700 MST\n\nname: app-misc/kjules update\n\npermissions:\n  contents: write\n\non:\n  schedule:\n    - cron: '54 10 * * *'\n  workflow_dispatch:\n  push:\n    paths:\n      - '.github/workflows/app-misc-kjules-update.yaml'\n\nconcurrency:\n  group: ci-${{ github.ref }}\n  cancel-in-progress: false\n\nenv:\n  FORCE_JAVASCRIPT_ACTIONS_TO_NODE24: true\n  ecn: app-misc\n  epn: kjules\n  description: \"A testing client\"\n  homepage: \"https://github.com/arran4/kjules\"\n  github_owner: arran4\n  github_repo: kjules\n\njobs:\n  check-and-create-ebuild:\n    runs-on: ubuntu-latest\n    steps:\n      - name: Checkout repository\n        uses: actions/checkout@v4\n        with:\n          fetch-depth: 0\n\n      - name: Set up Git\n        run: |\n          git config --global user.name 'github-actions[bot]'\n          git config --global user.email 'github-actions[bot]@users.noreply.github.com'\n\n      - name: Install required tools\n        run: |\n          sudo apt-get update\n          sudo apt-get install -y wget jq coreutils curl\n\n      - name: Install g2\n        uses: arran4/g2-action@v1.2\n\n      - name: Process each release\n        id: process_releases\n        run: |\n          ebuild_dir=\"./${{ env.ecn }}/${{ env.epn }}\"\n          mkdir -p \"$ebuild_dir\"\n\n          metadata_file=\"${ebuild_dir}/metadata.xml\"\n          if [ ! -f \"$metadata_file\" ]; then\n            cat <<-\"METADATA_EOF\" > \"$metadata_file\"\n<?xml version=\"1.0\" encoding=\"UTF-8\"?>\n<!DOCTYPE pkgmetadata SYSTEM \"http://www.gentoo.org/dtd/metadata.dtd\">\n<pkgmetadata>\n\t<upstream>\n\t\t<remote-id type=\"github\">arran4/kjules</remote-id>\n\t</upstream>\n</pkgmetadata>\nMETADATA_EOF\n          fi\n          g2 metadata -m \"gentoo@arran4.com:Arran Ubels:person\" -u \"github:arran4/kjules\" \"$metadata_file\"\n\n          tags=$(gh api repos/${{ env.github_owner }}/${{ env.github_repo }}/releases --jq '.[]? | select(type==\"object\" and has(\"tag_name\")) | .tag_name')\n          for tag in $tags; do\n            originalVersion=\"${tag#v}\"\n            # shellcheck disable=SC2034\n            version=\"${tag#v}\"\n\n            # Semantic Version format check (skip invalid tags)\n            if ! echo \"$version\" | egrep -q '^([0-9]+)\\.([0-9]+)(\\.([0-9]+))?(-r[0-9]+)?((_)(alpha|beta|rc|p)[0-9]*)*$'; then\n              echo \"$tag / $version doesn't match gentoo version regexp; skipping\"\n              continue\n            fi\n\n            ebuild_file=\"${ebuild_dir}/${{ env.epn }}-${version}.ebuild\"\n            if [ ! -f \"$ebuild_file\" ]; then\n              cmake_content=$(curl -sL \"https://raw.githubusercontent.com/${{ env.github_owner }}/${{ env.github_repo }}/${tag}/CMakeLists.txt\")\n\n              qt6_components=$(echo \"$cmake_content\" | grep -i \"find_package(Qt6\" | tr '()' '  ' | sed 's/find_package  *Qt6//i' | tr -s ' ' '\\n' | grep -ivE 'REQUIRED|COMPONENTS|CONFIG' | sort -u || true)\n              kf6_packages=$(echo \"$cmake_content\" | grep -i \"find_package(KF6\" | tr '()' '  ' | grep -iv COMPONENTS | awk '{print $2}' | grep -i \"^KF6\" | sed 's/KF6//i' | sort -u || true)\n              kf6_components=$(echo \"$cmake_content\" | grep -i \"find_package(KF6\" | grep -i COMPONENTS | tr '()' '  ' | sed 's/.*COMPONENTS//i' | tr -s ' ' '\\n' | grep -ivE 'REQUIRED' | sort -u || true)\n\n              DEPEND=\"\"\n              if [ -n \"$qt6_components\" ]; then\n                qt6_flags=$(echo \"$qt6_components\" | grep -ivE 'Test|Svg' | tr '\\n' ',' | sed 's/,$//' | tr '[:upper:]' '[:lower:]')\n                if [ -n \"$qt6_flags\" ]; then\n                  DEPEND=\"$DEPEND\\n\\tdev-qt/qtbase:6[$qt6_flags]\"\n                else\n                  DEPEND=\"$DEPEND\\n\\tdev-qt/qtbase:6\"\n                fi\n\n                # Handling qt6 components that map to different Gentoo packages if needed\n                if echo \"$qt6_components\" | grep -iq \"Svg\"; then DEPEND=\"$DEPEND\\n\\tdev-qt/qtsvg:6\"; fi\n              fi\n\n              BDEPEND=\"virtual/pkgconfig\\n\\tkde-frameworks/extra-cmake-modules:0\"\n              if echo \"$qt6_components\" | grep -iq \"Test\"; then\n                 BDEPEND=\"$BDEPEND\\n\\tdev-qt/qttools:6[linguist]\"\n              fi\n\n              for pkg in $kf6_packages $kf6_components; do\n                 # Basic mapping logic for KF6\n                 mapped=$(echo \"$pkg\" | tr '[:upper:]' '[:lower:]')\n                 DEPEND=\"$DEPEND\\n\\tkde-frameworks/k${mapped}:6\"\n              done\n\n              {\n                echo \"# Copyright $(date +%Y) Gentoo Authors\"\n                echo \"# Distributed under the terms of the GNU General Public License v2\"\n                echo \"\"\n                echo \"EAPI=8\"\n                echo \"\"\n                echo \"inherit cmake xdg\"\n                echo \"\"\n                echo \"DESCRIPTION=\\\"${{ env.description }}\\\"\"\n                echo \"HOMEPAGE=\\\"${{ env.homepage }}\\\"\"\n                echo \"SRC_URI=\\\"https://github.com/${{ env.github_owner }}/${{ env.github_repo }}/archive/refs/tags/${tag}.tar.gz -> \\${P}.tar.gz\\\"\"\n                echo \"\"\n                echo \"LICENSE=\\\"MIT\\\"\"\n                echo \"SLOT=\\\"0\\\"\"\n                echo \"KEYWORDS=\\\"~amd64\\\"\"\n                echo \"IUSE=\\\"debug\\\"\"\n                echo \"\"\n                echo \"DEPEND=\\\"\"\n                echo -e \"$DEPEND\"\n                echo \"\\\"\"\n                echo \"RDEPEND=\\\"\\${DEPEND}\\\"\"\n                echo \"BDEPEND=\\\"\"\n                echo -e \"$BDEPEND\"\n                echo \"\\\"\"\n                echo \"\"\n              } > \"$ebuild_file\"\n\n              failed=0\n              if ! g2 manifest upsert-from-url \"https://github.com/${{ env.github_owner }}/${{ env.github_repo }}/archive/refs/tags/${tag}.tar.gz\" \"${{ env.epn }}-${version}.tar.gz\" \"${ebuild_dir}/Manifest\"; then failed=1; fi\n\n              if [ \"$failed\" -eq 1 ]; then\n                  echo \"Failed to generate manifest for $tag. Skipping...\"\n                  rm -f \"$ebuild_file\"\n                  continue\n              fi\n              echo \"generated_tag=${tag}\" >> $GITHUB_OUTPUT\n            fi\n          done\n\n      - name: Generate Overlay\n        run: |\n          mkdir -p profiles\n          echo \"overlay_name\" > profiles/repo_name\n          echo \"8\" > profiles/eapi\n\n      - name: Lint output\n        uses: arran4/g2-action@v1.2\n        with:\n          mode: 'run'\n          action: 'lint .'\n\n      - name: Commit and push changes\n        run: |\n          ebuild_dir=\"./${{ env.ecn }}/${{ env.epn }}\"\n          mkdir -p profiles; [ ! -f profiles/repo_name ] && echo \"${{ env.github_repo }}\" > profiles/repo_name; [ ! -f profiles/eapi ] && echo \"8\" > profiles/eapi; g2 cache generate \"${{ env.ecn }}/${{ env.epn }}\"\n          git add \"./${ebuild_dir}\"\n          git add metadata/md5-cache/ || true\n          if git commit -m \"Add ebuilds for new ${{ env.epn }} releases tag ${generated_tag}\"; then\n            git pull --rebase &&\n            git push\n          fi || true\n        if: steps.process_releases.outputs.generated_tag\n=== RUN   TestWorkflowTemplates/tags_command\n=== RUN   TestWorkflowTemplates/tags_command_binary\n=== RUN   TestWorkflowTemplates/web-binary\n    template_txtar_test.go:122: Expected string \"# Generated using: https://github.com/arran4/arrans_overlay_workflow_builder 1.0.0 Github Cmake Release test.config 2006-01-02 15:04:05.999999999 -0700 MST\\n\\nname: app-misc/kjules update\\n\\npermissions:\\n  contents: write\\n\\non:\\n  schedule:\\n    - cron: '54 10 * * *'\\n  workflow_dispatch:\\n  push:\\n    paths:\\n      - '.github/workflows/app-misc-kjules-update.yaml'\\n\\nconcurrency:\\n  group: ci-${{ github.ref }}\\n  cancel-in-progress: false\\n\\nenv:\\n  FORCE_JAVASCRIPT_ACTIONS_TO_NODE24: true\\n  ecn: app-misc\\n  epn: kjules\\n  description: \\\"A testing client\\\"\\n  homepage: \\\"https://github.com/arran4/kjules\\\"\\n  github_owner: arran4\\n  github_repo: kjules\\n\\njobs:\\n  check-and-create-ebuild:\\n    runs-on: ubuntu-latest\\n    steps:\\n      - name: Checkout repository\\n        uses: actions/checkout@v4\\n        with:\\n          fetch-depth: 0\\n\\n      - name: Set up Git\\n        run: |\\n          git config --global user.name 'github-actions[bot]'\\n          git config --global user.email 'github-actions[bot]@users.noreply.github.com'\\n\\n      - name: Install required tools\\n        run: |\\n          sudo apt-get update\\n          sudo apt-get install -y wget jq coreutils curl\\n\\n      - name: Install g2\\n        uses: arran4/g2-action@v1.2\\n\\n      - name: Process each release\\n        id: process_releases\\n        run: |\\n          ebuild_dir=\\\"./${{ env.ecn }}/${{ env.epn }}\\\"\\n          mkdir -p \\\"$ebuild_dir\\\"\\n\\n          metadata_file=\\\"${ebuild_dir}/metadata.xml\\\"\\n          if [ ! -f \\\"$metadata_file\\\" ]; then\\n            cat <<-\\\"METADATA_EOF\\\" > \\\"$metadata_file\\\"\\n<?xml version=\\\"1.0\\\" encoding=\\\"UTF-8\\\"?>\\n<!DOCTYPE pkgmetadata SYSTEM \\\"http://www.gentoo.org/dtd/metadata.dtd\\\">\\n<pkgmetadata>\\n\\t<upstream>\\n\\t\\t<remote-id type=\\\"github\\\">arran4/kjules</remote-id>\\n\\t</upstream>\\n</pkgmetadata>\\nMETADATA_EOF\\n          fi\\n          g2 metadata -m \\\"gentoo@arran4.com:Arran Ubels:person\\\" -u \\\"github:arran4/kjules\\\" \\\"$metadata_file\\\"\\n\\n          tags=$(gh api repos/${{ env.github_owner }}/${{ env.github_repo }}/releases --jq '.[]? | select(type==\\\"object\\\" and has(\\\"tag_name\\\")) | .tag_name')\\n          for tag in $tags; do\\n            originalVersion=\\\"${tag#v}\\\"\\n            # shellcheck disable=SC2034\\n            version=\\\"${tag#v}\\\"\\n\\n            # Semantic Version format check (skip invalid tags)\\n            if ! echo \\\"$version\\\" | egrep -q '^([0-9]+)\\\\.([0-9]+)(\\\\.([0-9]+))?(-r[0-9]+)?((_)(alpha|beta|rc|p)[0-9]*)*$'; then\\n              echo \\\"$tag / $version doesn't match gentoo version regexp; skipping\\\"\\n              continue\\n            fi\\n\\n            ebuild_file=\\\"${ebuild_dir}/${{ env.epn }}-${version}.ebuild\\\"\\n            if [ ! -f \\\"$ebuild_file\\\" ]; then\\n              cmake_content=$(curl -sL \\\"https://raw.githubusercontent.com/${{ env.github_owner }}/${{ env.github_repo }}/${tag}/CMakeLists.txt\\\")\\n\\n              qt6_components=$(echo \\\"$cmake_content\\\" | grep -i \\\"find_package(Qt6\\\" | tr '()' '  ' | sed 's/find_package  *Qt6//i' | tr -s ' ' '\\\\n' | grep -ivE 'REQUIRED|COMPONENTS|CONFIG' | sort -u || true)\\n              kf6_packages=$(echo \\\"$cmake_content\\\" | grep -i \\\"find_package(KF6\\\" | tr '()' '  ' | grep -iv COMPONENTS | awk '{print $2}' | grep -i \\\"^KF6\\\" | sed 's/KF6//i' | sort -u || true)\\n              kf6_components=$(echo \\\"$cmake_content\\\" | grep -i \\\"find_package(KF6\\\" | grep -i COMPONENTS | tr '()' '  ' | sed 's/.*COMPONENTS//i' | tr -s ' ' '\\\\n' | grep -ivE 'REQUIRED' | sort -u || true)\\n\\n              DEPEND=\\\"\\\"\\n              if [ -n \\\"$qt6_components\\\" ]; then\\n                qt6_flags=$(echo \\\"$qt6_components\\\" | grep -ivE 'Test|Svg' | tr '\\\\n' ',' | sed 's/,$//' | tr '[:upper:]' '[:lower:]')\\n                if [ -n \\\"$qt6_flags\\\" ]; then\\n                  DEPEND=\\\"$DEPEND\\\\n\\\\tdev-qt/qtbase:6[$qt6_flags]\\\"\\n                else\\n                  DEPEND=\\\"$DEPEND\\\\n\\\\tdev-qt/qtbase:6\\\"\\n                fi\\n\\n                # Handling qt6 components that map to different Gentoo packages if needed\\n                if echo \\\"$qt6_components\\\" | grep -iq \\\"Svg\\\"; then DEPEND=\\\"$DEPEND\\\\n\\\\tdev-qt/qtsvg:6\\\"; fi\\n              fi\\n\\n              BDEPEND=\\\"virtual/pkgconfig\\\\n\\\\tkde-frameworks/extra-cmake-modules:0\\\"\\n              if echo \\\"$qt6_components\\\" | grep -iq \\\"Test\\\"; then\\n                 BDEPEND=\\\"$BDEPEND\\\\n\\\\tdev-qt/qttools:6[linguist]\\\"\\n              fi\\n\\n              for pkg in $kf6_packages $kf6_components; do\\n                 # Basic mapping logic for KF6\\n                 mapped=$(echo \\\"$pkg\\\" | tr '[:upper:]' '[:lower:]')\\n                 DEPEND=\\\"$DEPEND\\\\n\\\\tkde-frameworks/k${mapped}:6\\\"\\n              done\\n\\n              {\\n                echo \\\"# Copyright $(date +%Y) Gentoo Authors\\\"\\n                echo \\\"# Distributed under the terms of the GNU General Public License v2\\\"\\n                echo \\\"\\\"\\n                echo \\\"EAPI=8\\\"\\n                echo \\\"\\\"\\n                echo \\\"inherit cmake xdg\\\"\\n                echo \\\"\\\"\\n                echo \\\"DESCRIPTION=\\\\\\\"${{ env.description }}\\\\\\\"\\\"\\n                echo \\\"HOMEPAGE=\\\\\\\"${{ env.homepage }}\\\\\\\"\\\"\\n                echo \\\"SRC_URI=\\\\\\\"https://github.com/${{ env.github_owner }}/${{ env.github_repo }}/archive/refs/tags/${tag}.tar.gz -> \\\\${P}.tar.gz\\\\\\\"\\\"\\n                echo \\\"\\\"\\n                echo \\\"LICENSE=\\\\\\\"MIT\\\\\\\"\\\"\\n                echo \\\"SLOT=\\\\\\\"0\\\\\\\"\\\"\\n                echo \\\"KEYWORDS=\\\\\\\"~amd64\\\\\\\"\\\"\\n                echo \\\"IUSE=\\\\\\\"debug\\\\\\\"\\\"\\n                echo \\\"\\\"\\n                echo \\\"DEPEND=\\\\\\\"\\\"\\n                echo -e \\\"$DEPEND\\\"\\n                echo \\\"\\\\\\\"\\\"\\n                echo \\\"RDEPEND=\\\\\\\"\\\\${DEPEND}\\\\\\\"\\\"\\n                echo \\\"BDEPEND=\\\\\\\"\\\"\\n                echo -e \\\"$BDEPEND\\\"\\n                echo \\\"\\\\\\\"\\\"\\n                echo \\\"\\\"\\n              } > \\\"$ebuild_file\\\"\\n\\n              failed=0\\n              if ! g2 manifest upsert-from-url \\\"https://github.com/${{ env.github_owner }}/${{ env.github_repo }}/archive/refs/tags/${tag}.tar.gz\\\" \\\"${{ env.epn }}-${version}.tar.gz\\\" \\\"${ebuild_dir}/Manifest\\\"; then failed=1; fi\\n\\n              if [ \\\"$failed\\\" -eq 1 ]; then\\n                  echo \\\"Failed to generate manifest for $tag. Skipping...\\\"\\n                  rm -f \\\"$ebuild_file\\\"\\n                  continue\\n              fi\\n              echo \\\"generated_tag=${tag}\\\" >> $GITHUB_OUTPUT\\n            fi\\n          done\\n\\n      - name: Generate Overlay\\n        run: |\\n          mkdir -p profiles\\n          echo \\\"overlay_name\\\" > profiles/repo_name\\n          echo \\\"8\\\" > profiles/eapi\\n\\n      - name: Lint output\\n        uses: arran4/g2-action@v1.2\\n        with:\\n          mode: 'run'\\n          action: 'lint .'\\n\\n      - name: Commit and push changes\\n        run: |\\n          ebuild_dir=\\\"./${{ env.ecn }}/${{ env.epn }}\\\"\\n          mkdir -p profiles; [ ! -f profiles/repo_name ] && echo \\\"${{ env.github_repo }}\\\" > profiles/repo_name; [ ! -f profiles/eapi ] && echo \\\"8\\\" > profiles/eapi; g2 cache generate \\\"${{ env.ecn }}/${{ env.epn }}\\\"\\n          git add \\\"./${ebuild_dir}\\\"\\n          git add metadata/md5-cache/ || true\\n          if git commit -m \\\"Add ebuilds for new ${{ env.epn }} releases tag ${generated_tag}\\\"; then\\n            git pull --rebase &&\\n            git push\\n          fi || true\\n        if: steps.process_releases.outputs.generated_tag\\n=== RUN   TestWorkflowTemplates/tags_command\\n=== RUN   TestWorkflowTemplates/tags_command_binary\\n=== RUN   TestWorkflowTemplates/web-binary\\n    template_txtar_test.go:122: Expected string \\\"# Generated using: https://github.com/arran4/arrans_overlay_workflow_builder 1.0.0 Github Cmake Release test.config 2006-01-02 15:04:05.999999999 -0700 MST\\\\n\\\\nname: app-misc/kjules update\\\\n\\\\npermissions:\\\\n  contents: write\\\\n\\\\non:\\\\n  schedule:\\\\n    - cron: '54 10 * * *'\\\\n  workflow_dispatch:\\\\n  push:\\\\n    paths:\\\\n      - '.github/workflows/app-misc-kjules-update.yaml'\\\\n\\\\nconcurrency:\\\\n  group: ci-${{ github.ref }}\\\\n  cancel-in-progress: false\\\\n\\\\nenv:\\\\n  FORCE_JAVASCRIPT_ACTIONS_TO_NODE24: true\\\\n  ecn: app-misc\\\\n  epn: kjules\\\\n  description: \\\\\\\"A testing client\\\\\\\"\\\\n  homepage: \\\\\\\"https://github.com/arran4/kjules\\\\\\\"\\\\n  github_owner: arran4\\\\n  github_repo: kjules\\\\n\\\\njobs:\\\\n  check-and-create-ebuild:\\\\n    runs-on: ubuntu-latest\\\\n    steps:\\\\n      - name: Checkout repository\\\\n        uses: actions/checkout@v4\\\\n        with:\\\\n          fetch-depth: 0\\\\n\\\\n      - name: Set up Git\\\\n        run: |\\\\n          git config --global user.name 'github-actions[bot]'\\\\n          git config --global user.email 'github-actions[bot]@users.noreply.github.com'\\\\n\\\\n      - name: Install required tools\\\\n        run: |\\\\n          sudo apt-get update\\\\n          sudo apt-get install -y wget jq coreutils curl\\\\n\\\\n      - name: Install g2\\\\n        uses: arran4/g2-action@v1.2\\\\n\\\\n      - name: Process each release\\\\n        id: process_releases\\\\n        run: |\\\\n          ebuild_dir=\\\\\\\"./${{ env.ecn }}/${{ env.epn }}\\\\\\\"\\\\n          mkdir -p \\\\\\\"$ebuild_dir\\\\\\\"\\\\n\\\\n          metadata_file=\\\\\\\"${ebuild_dir}/metadata.xml\\\\\\\"\\\\n          if [ ! -f \\\\\\\"$metadata_file\\\\\\\" ]; then\\\\n            cat <<-\\\\\\\"METADATA_EOF\\\\\\\" > \\\\\\\"$metadata_file\\\\\\\"\\\\n<?xml version=\\\\\\\"1.0\\\\\\\" encoding=\\\\\\\"UTF-8\\\\\\\"?>\\\\n<!DOCTYPE pkgmetadata SYSTEM \\\\\\\"http://www.gentoo.org/dtd/metadata.dtd\\\\\\\">\\\\n<pkgmetadata>\\\\n\\\\t<upstream>\\\\n\\\\t\\\\t<remote-id type=\\\\\\\"github\\\\\\\">arran4/kjules</remote-id>\\\\n\\\\t</upstream>\\\\n</pkgmetadata>\\\\nMETADATA_EOF\\\\n          fi\\\\n          g2 metadata -m \\\\\\\"gentoo@arran4.com:Arran Ubels:person\\\\\\\" -u \\\\\\\"github:arran4/kjules\\\\\\\" \\\\\\\"$metadata_file\\\\\\\"\\\\n\\\\n          tags=$(gh api repos/${{ env.github_owner }}/${{ env.github_repo }}/releases --jq '.[]? | select(type==\\\\\\\"object\\\\\\\" and has(\\\\\\\"tag_name\\\\\\\")) | .tag_name')\\\\n          for tag in $tags; do\\\\n            originalVersion=\\\\\\\"${tag#v}\\\\\\\"\\\\n            # shellcheck disable=SC2034\\\\n            version=\\\\\\\"${tag#v}\\\\\\\"\\\\n\\\\n            # Semantic Version format check (skip invalid tags)\\\\n            if ! echo \\\\\\\"$version\\\\\\\" | egrep -q '^([0-9]+)\\\\\\\\.([0-9]+)(\\\\\\\\.([0-9]+))?(-r[0-9]+)?((_)(alpha|beta|rc|p)[0-9]*)*$'; then\\\\n              echo \\\\\\\"$tag / $version doesn't match gentoo version regexp; skipping\\\\\\\"\\\\n              continue\\\\n            fi\\\\n\\\\n            ebuild_file=\\\\\\\"${ebuild_dir}/${{ env.epn }}-${version}.ebuild\\\\\\\"\\\\n            if [ ! -f \\\\\\\"$ebuild_file\\\\\\\" ]; then\\\\n              cmake_content=$(curl -sL \\\\\\\"https://raw.githubusercontent.com/${{ env.github_owner }}/${{ env.github_repo }}/${tag}/CMakeLists.txt\\\\\\\")\\\\n\\\\n              qt6_components=$(echo \\\\\\\"$cmake_content\\\\\\\" | grep -i \\\\\\\"find_package(Qt6\\\\\\\" | tr '()' '  ' | sed 's/find_package  *Qt6//i' | tr -s ' ' '\\\\\\\\n' | grep -ivE 'REQUIRED|COMPONENTS|CONFIG' | sort -u || true)\\\\n              kf6_packages=$(echo \\\\\\\"$cmake_content\\\\\\\" | grep -i \\\\\\\"find_package(KF6\\\\\\\" | tr '()' '  ' | grep -iv COMPONENTS | awk '{print $2}' | grep -i \\\\\\\"^KF6\\\\\\\" | sed 's/KF6//i' | sort -u || true)\\\\n              kf6_components=$(echo \\\\\\\"$cmake_content\\\\\\\" | grep -i \\\\\\\"find_package(KF6\\\\\\\" | grep -i COMPONENTS | tr '()' '  ' | sed 's/.*COMPONENTS//i' | tr -s ' ' '\\\\\\\\n' | grep -ivE 'REQUIRED' | sort -u || true)\\\\n\\\\n              DEPEND=\\\\\\\"\\\\\\\"\\\\n              if [ -n \\\\\\\"$qt6_components\\\\\\\" ]; then\\\\n                qt6_flags=$(echo \\\\\\\"$qt6_components\\\\\\\" | grep -ivE 'Test|Svg' | tr '\\\\\\\\n' ',' | sed 's/,$//' | tr '[:upper:]' '[:lower:]')\\\\n                if [ -n \\\\\\\"$qt6_flags\\\\\\\" ]; then\\\\n                  DEPEND=\\\\\\\"$DEPEND\\\\\\\\n\\\\\\\\tdev-qt/qtbase:6[$qt6_flags]\\\\\\\"\\\\n                else\\\\n                  DEPEND=\\\\\\\"$DEPEND\\\\\\\\n\\\\\\\\tdev-qt/qtbase:6\\\\\\\"\\\\n                fi\\\\n\\\\n                # Handling qt6 components that map to different Gentoo packages if needed\\\\n                if echo \\\\\\\"$qt6_components\\\\\\\" | grep -iq \\\\\\\"Svg\\\\\\\"; then DEPEND=\\\\\\\"$DEPEND\\\\\\\\n\\\\\\\\tdev-qt/qtsvg:6\\\\\\\"; fi\\\\n              fi\\\\n\\\\n              BDEPEND=\\\\\\\"virtual/pkgconfig\\\\\\\\n\\\\\\\\tkde-frameworks/extra-cmake-modules:0\\\\\\\"\\\\n              if echo \\\\\\\"$qt6_components\\\\\\\" | grep -iq \\\\\\\"Test\\\\\\\"; then\\\\n                 BDEPEND=\\\\\\\"$BDEPEND\\\\\\\\n\\\\\\\\tdev-qt/qttools:6[linguist]\\\\\\\"\\\\n              fi\\\\n\\\\n              for pkg in $kf6_packages $kf6_components; do\\\\n                 # Basic mapping logic for KF6\\\\n                 mapped=$(echo \\\\\\\"$pkg\\\\\\\" | tr '[:upper:]' '[:lower:]')\\\\n                 DEPEND=\\\\\\\"$DEPEND\\\\\\\\n\\\\\\\\tkde-frameworks/k${mapped}:6\\\\\\\"\\\\n              done\\\\n\\\\n              {\\\\n                echo \\\\\\\"# Copyright $(date +%Y) Gentoo Authors\\\\\\\"\\\\n                echo \\\\\\\"# Distributed under the terms of the GNU General Public License v2\\\\\\\"\\\\n                echo \\\\\\\"\\\\\\\"\\\\n                echo \\\\\\\"EAPI=8\\\\\\\"\\\\n                echo \\\\\\\"\\\\\\\"\\\\n                echo \\\\\\\"inherit cmake xdg\\\\\\\"\\\\n                echo \\\\\\\"\\\\\\\"\\\\n                echo \\\\\\\"DESCRIPTION=\\\\\\\\\\\\\\\"${{ env.description }}\\\\\\\\\\\\\\\"\\\\\\\"\\\\n                echo \\\\\\\"HOMEPAGE=\\\\\\\\\\\\\\\"${{ env.homepage }}\\\\\\\\\\\\\\\"\\\\\\\"\\\\n                echo \\\\\\\"SRC_URI=\\\\\\\\\\\\\\\"https://github.com/${{ env.github_owner }}/${{ env.github_repo }}/archive/refs/tags/${tag}.tar.gz -> \\\\\\\\${P}.tar.gz\\\\\\\\\\\\\\\"\\\\\\\"\\\\n                echo \\\\\\\"\\\\\\\"\\\\n                echo \\\\\\\"LICENSE=\\\\\\\\\\\\\\\"MIT\\\\\\\\\\\\\\\"\\\\\\\"\\\\n                echo \\\\\\\"SLOT=\\\\\\\\\\\\\\\"0\\\\\\\\\\\\\\\"\\\\\\\"\\\\n                echo \\\\\\\"KEYWORDS=\\\\\\\\\\\\\\\"~amd64\\\\\\\\\\\\\\\"\\\\\\\"\\\\n                echo \\\\\\\"IUSE=\\\\\\\\\\\\\\\"debug\\\\\\\\\\\\\\\"\\\\\\\"\\\\n                echo \\\\\\\"\\\\\\\"\\\\n                echo \\\\\\\"DEPEND=\\\\\\\\\\\\\\\"\\\\\\\"\\\\n                echo -e \\\\\\\"$DEPEND\\\\\\\"\\\\n                echo \\\\\\\"\\\\\\\\\\\\\\\"\\\\\\\"\\\\n                echo \\\\\\\"RDEPEND=\\\\\\\\\\\\\\\"\\\\\\\\${DEPEND}\\\\\\\\\\\\\\\"\\\\\\\"\\\\n                echo \\\\\\\"BDEPEND=\\\\\\\\\\\\\\\"\\\\\\\"\\\\n                echo -e \\\\\\\"$BDEPEND\\\\\\\"\\\\n                echo \\\\\\\"\\\\\\\\\\\\\\\"\\\\\\\"\\\\n                echo \\\\\\\"\\\\\\\"\\\\n              } > \\\\\\\"$ebuild_file\\\\\\\"\\\\n\\\\n              failed=0\\\\n              if ! g2 manifest upsert-from-url \\\\\\\"https://github.com/${{ env.github_owner }}/${{ env.github_repo }}/archive/refs/tags/${tag}.tar.gz\\\\\\\" \\\\\\\"${{ env.epn }}-${version}.tar.gz\\\\\\\" \\\\\\\"${ebuild_dir}/Manifest\\\\\\\"; then failed=1; fi\\\\n\\\\n              if [ \\\\\\\"$failed\\\\\\\" -eq 1 ]; then\\\\n                  echo \\\\\\\"Failed to generate manifest for $tag. Skipping...\\\\\\\"\\\\n                  rm -f \\\\\\\"$ebuild_file\\\\\\\"\\\\n                  continue\\\\n              fi\\\\n              echo \\\\\\\"generated_tag=${tag}\\\\\\\" >> $GITHUB_OUTPUT\\\\n            fi\\\\n          done\\\\n\\\\n      - name: Generate Overlay\\\\n        run: |\\\\n          mkdir -p profiles\\\\n          echo \\\\\\\"overlay_name\\\\\\\" > profiles/repo_name\\\\n          echo \\\\\\\"8\\\\\\\" > profiles/eapi\\\\n\\\\n      - name: Lint output\\\\n        uses: arran4/g2-action@v1.2\\\\n        with:\\\\n          mode: 'run'\\\\n          action: 'lint .'\\\\n\\\\n      - name: Commit and push changes\\\\n        run: |\\\\n          ebuild_dir=\\\\\\\"./${{ env.ecn }}/${{ env.epn }}\\\\\\\"\\\\n          mkdir -p profiles; [ ! -f profiles/repo_name ] && echo \\\\\\\"${{ env.github_repo }}\\\\\\\" > profiles/repo_name; [ ! -f profiles/eapi ] && echo \\\\\\\"8\\\\\\\" > profiles/eapi; g2 cache generate \\\\\\\"${{ env.ecn }}/${{ env.epn }}\\\\\\\"\\\\n          git add \\\\\\\"./${ebuild_dir}\\\\\\\"\\\\n          git add metadata/md5-cache/ || true\\\\n          if git commit -m \\\\\\\"Add ebuilds for new ${{ env.epn }} releases tag ${generated_tag}\\\\\\\"; then\\\\n            git pull --rebase &&\\\\n            git push\\\\n          fi || true\\\\n        if: steps.process_releases.outputs.generated_tag\\\\n=== RUN   TestWorkflowTemplates/tags_command\\\\n=== RUN   TestWorkflowTemplates/tags_command_binary\\\\n=== RUN   TestWorkflowTemplates/web-binary\\\\n    template_txtar_test.go:122: Expected string \\\\\\\"# Generated using: https://github.com/arran4/arrans_overlay_workflow_builder 1.0.0 Web Binary testdata/txtar/web-binary/web-binary.txtar/input.config 2006-01-02 15:04:05.999999999 -0700 MST\\\\\\\\n\\\\\\\\nname: app-admin/google-cloud-sdk-bin update\\\\\\\\n\\\\\\\\npermissions:\\\\\\\\n  contents: write\\\\\\\\n\\\\\\\\non:\\\\\\\\n  schedule:\\\\\\\\n    - cron: '24 2 * * *'\\\\\\\\n  workflow_dispatch:\\\\\\\\n  push:\\\\\\\\n    paths:\\\\\\\\n      - '.github/workflows/app-admin-google-cloud-sdk-bin-update.yaml'\\\\\\\\n\\\\\\\\nconcurrency:\\\\\\\\n  group: ci-${{ github.ref }}\\\\\\\\n  cancel-in-progress: false\\\\\\\\n\\\\\\\\nenv:\\\\\\\\n  ecn: app-admin\\\\\\\\n  epn: google-cloud-sdk-bin\\\\\\\\n  description: \\\\\\\\\\\\\\\"Google Cloud SDK\\\\\\\\\\\\\\\"\\\\\\\\n  homepage: \\\\\\\\\\\\\\\"https://cloud.google.com/sdk/\\\\\\\\\\\\\\\"\\\\\\\\n  github_owner: \\\\\\\\n  github_repo: google-cloud-sdk\\\\\\\\n  keywords: ~amd64 ~arm64 ~x86\\\\\\\\n  workflow_filename: app-admin-google-cloud-sdk-bin-update.yaml\\\\\\\\n  google-cloud-cli_binary_installed_name: 'gcloud'\\\\\\\\n  google-cloud-cli_binary_archived_name_amd64: 'gcloud'\\\\\\\\n  \\\\\\\\n  google-cloud-cli_release_name_amd64: 'google-cloud-cli-\\\\\\\\\\\\\\\\${PV}-linux-x86_64.tar.gz'\\\\\\\\n  \\\\\\\\n  google-cloud-cli_binary_archived_name_arm64: 'gcloud'\\\\\\\\n  \\\\\\\\n  google-cloud-cli_release_name_arm64: 'google-cloud-cli-\\\\\\\\\\\\\\\\${PV}-linux-arm.tar.gz'\\\\\\\\n  \\\\\\\\n  google-cloud-cli_binary_archived_name_x86: 'gcloud'\\\\\\\\n  \\\\\\\\n  google-cloud-cli_release_name_x86: 'google-cloud-cli-\\\\\\\\\\\\\\\\${PV}-linux-x86.tar.gz'\\\\\\\\n  \\\\\\\\n  \\\\\\\\n\\\\\\\\njobs:\\\\\\\\n  check-and-create-ebuild:\\\\\\\\n    runs-on: ubuntu-latest\\\\\\\\n    steps:\\\\\\\\n      - name: Checkout repository\\\\\\\\n        uses: actions/checkout@v2\\\\\\\\n\\\\\\\\n      - name: Set up Git\\\\\\\\n        run: |\\\\\\\\n          git config --global user.name 'github-actions[bot]'\\\\\\\\n          git config --global user.email 'github-actions[bot]@users.noreply.github.com'\\\\\\\\n\\\\\\\\n      - name: Install g2\\\\\\\\n        uses: arran4/g2-action@v1.2\\\\\\\\n\\\\\\\\n      - name: Process each release\\\\\\\\n        id: process_releases\\\\\\\\n        run: |\\\\\\\\n          ebuild_dir=\\\\\\\\\\\\\\\"./${{ env.ecn }}/${{ env.epn }}\\\\\\\\\\\\\\\"\\\\\\\\n          mkdir -p \\\\\\\\\\\\\\\"$ebuild_dir\\\\\\\\\\\\\\\"\\\\\\\\n          metadata_file=\\\\\\\\\\\\\\\"${ebuild_dir}/metadata.xml\\\\\\\\\\\\\\\"\\\\\\\\n          g2 metadata -m \\\\\\\\\\\\\\\"gentoo@arran4.com:Arran Ubels:person\\\\\\\\\\\\\\\" --use-add \\\\\\\\\\\\\\\"amd64:Enable amd64\\\\\\\\\\\\\\\" --use-add \\\\\\\\\\\\\\\"arm64:Enable arm64\\\\\\\\\\\\\\\" --use-add \\\\\\\\\\\\\\\"x86:Enable x86\\\\\\\\\\\\\\\" \\\\\\\\\\\\\\\"$metadata_file\\\\\\\\\\\\\\\"\\\\\\\\n          declare -A releaseTypes=()\\\\\\\\n          if [ -z \\\\\\\\\\\\\\\"curl -s -L https://cloud.google.com/sdk/docs/release-notes | grep -m 1 -oE 'data-text=\\\\\\\\\\\\\\\"[0-9]+\\\\\\\\\\\\\\\\.[0-9]+\\\\\\\\\\\\\\\\.[0-9]+' | cut -d '\\\\\\\\\\\\\\\"' -f 2\\\\\\\\\\\\\\\" ]; then\\\\\\\\n             echo \\\\\\\\\\\\\\\"TagsCommand is required for Web Binary configurations\\\\\\\\\\\\\\\" >&2\\\\\\\\n             exit 1\\\\\\\\n          fi\\\\\\\\n          tags=$(curl -s -L https://cloud.google.com/sdk/docs/release-notes | grep -m 1 -oE 'data-text=\\\\\\\\\\\\\\\"[0-9]+\\\\\\\\\\\\\\\\.[0-9]+\\\\\\\\\\\\\\\\.[0-9]+' | cut -d '\\\\\\\\\\\\\\\"' -f 2)\\\\\\\\n          # shellcheck disable=SC2086\\\\\\\\n          for tag in $tags; do\\\\\\\\n            version=\\\\\\\\\\\\\\\"${tag#v}\\\\\\\\\\\\\\\"\\\\\\\\n            if echo \\\\\\\\\\\\\\\"$tag\\\\\\\\\\\\\\\" | grep -qE '^v?[0-9]'; then\\\\\\\\n                version=\\\\\\\\\\\\\\\"${tag#v}\\\\\\\\\\\\\\\"\\\\\\\\n            elif [ \\\\\\\\\\\\\\\"${version}\\\\\\\\\\\\\\\" = \\\\\\\\\\\\\\\"${tag}\\\\\\\\\\\\\\\" ]; then\\\\\\\\n                echo \\\\\\\\\\\\\\\"$version == $tag so there is no v removed skipping\\\\\\\\\\\\\\\"\\\\\\\\n                continue\\\\\\\\n            fi\\\\\\\\n\\\\\\\\n            # shellcheck disable=SC2034\\\\\\\\n            originalVersion=\\\\\\\\\\\\\\\"${version}\\\\\\\\\\\\\\\"\\\\\\\\n            if ! echo \\\\\\\\\\\\\\\"${version}\\\\\\\\\\\\\\\" | grep -E '^([0-9]+)\\\\\\\\\\\\\\\\.([0-9]+)(\\\\\\\\\\\\\\\\.([0-9]+))?(-r[0-9]+)?((_)(alpha|beta|rc|p)[0-9]*)*$'; then\\\\\\\\n                echo \\\\\\\\\\\\\\\"tag / $version doesn't match regexp\\\\\\\\\\\\\\\";\\\\\\\\n                continue;\\\\\\\\n            fi\\\\\\\\n            releaseType=\\\\\\\\\\\\\\\"$(echo \\\\\\\\\\\\\\\"${version}\\\\\\\\\\\\\\\" | sed -n 's/^[^_]\\\\\\\\\\\\\\\\+_\\\\\\\\\\\\\\\\(alpha\\\\\\\\\\\\\\\\|beta\\\\\\\\\\\\\\\\|rc\\\\\\\\\\\\\\\\|p[0-9]*\\\\\\\\\\\\\\\\).*$/\\\\\\\\\\\\\\\\1/p')\\\\\\\\\\\\\\\"\\\\\\\\n            if [[ ! -v releaseTypes[${releaseType:=release}] ]]; then\\\\\\\\n                if [[ -v releaseTypes[release] ]]; then\\\\\\\\n                  echo \\\\\\\\\\\\\\\"Already have a newer main release: ${releaseTypes[release]}\\\\\\\\\\\\\\\"\\\\\\\\n                  continue\\\\\\\\n                fi\\\\\\\\n                releaseTypes[${releaseType:=release}]=\\\\\\\\\\\\\\\"${version}\\\\\\\\\\\\\\\"\\\\\\\\n            else\\\\\\\\n                echo \\\\\\\\\\\\\\\"Already have a newer ${releaseType:=release} release: ${releaseTypes[${releaseType:=release}]}\\\\\\\\\\\\\\\"\\\\\\\\n                continue\\\\\\\\n            fi\\\\\\\\n            ebuild_file=\\\\\\\\\\\\\\\"${ebuild_dir}/${{ env.epn }}-${version}.ebuild\\\\\\\\\\\\\\\"\\\\\\\\n            if [ ! -f \\\\\\\\\\\\\\\"$ebuild_file\\\\\\\\\\\\\\\" ]; then\\\\\\\\n\\\\\\\\n              # shellcheck disable=SC2016\\\\\\\\n              {\\\\\\\\n                echo '# Generated via: https://github.com/arran4/arrans_overlay/blob/main/.github/workflows/${{ env.workflow_filename }}'\\\\\\\\n                echo 'EAPI=8'\\\\\\\\n                echo \\\\\\\\\\\\\\\"DESCRIPTION=\\\\\\\\\\\\\\\\\\\\\\\\\\\\\\\"${{ env.description }}\\\\\\\\\\\\\\\\\\\\\\\\\\\\\\\"\\\\\\\\\\\\\\\"\\\\\\\\n                echo \\\\\\\\\\\\\\\"HOMEPAGE=\\\\\\\\\\\\\\\\\\\\\\\\\\\\\\\"${{ env.homepage }}\\\\\\\\\\\\\\\\\\\\\\\\\\\\\\\"\\\\\\\\\\\\\\\"\\\\\\\\n                echo 'SRC_URI=\\\\\\\\\\\\\\\"'\\\\\\\\n                echo \\\\\\\\\\\\\\\"\\\\\\\\tamd64? (  https://dl.google.com/dl/cloudsdk/channels/rapid/downloads/google-cloud-cli-\\\\\\\\\\\\\\\\${PV}-linux-x86_64.tar.gz -> \\\\\\\\\\\\\\\\${P}-google-cloud-cli-\\\\\\\\\\\\\\\\${PV}-linux-x86_64.tar.gz  )  \\\\\\\\\\\\\\\"\\\\\\\\n\\\\\\\\n                echo \\\\\\\\\\\\\\\"\\\\\\\\tarm64? (  https://dl.google.com/dl/cloudsdk/channels/rapid/downloads/google-cloud-cli-\\\\\\\\\\\\\\\\${PV}-linux-arm.tar.gz -> \\\\\\\\\\\\\\\\${P}-google-cloud-cli-\\\\\\\\\\\\\\\\${PV}-linux-arm.tar.gz  )  \\\\\\\\\\\\\\\"\\\\\\\\n\\\\\\\\n                echo \\\\\\\\\\\\\\\"\\\\\\\\tx86? (  https://dl.google.com/dl/cloudsdk/channels/rapid/downloads/google-cloud-cli-\\\\\\\\\\\\\\\\${PV}-linux-x86.tar.gz -> \\\\\\\\\\\\\\\\${P}-google-cloud-cli-\\\\\\\\\\\\\\\\${PV}-linux-x86.tar.gz  )  \\\\\\\\\\\\\\\"\\\\\\\\n\\\\\\\\n                echo '\\\\\\\\\\\\\\\"'\\\\\\\\n                echo 'LICENSE=\\\\\\\\\\\\\\\"Apache-2.0\\\\\\\\\\\\\\\"'\\\\\\\\n                echo 'SLOT=\\\\\\\\\\\\\\\"0\\\\\\\\\\\\\\\"'\\\\\\\\n                echo 'KEYWORDS=\\\\\\\\\\\\\\\"${{ env.keywords }}\\\\\\\\\\\\\\\"'\\\\\\\\n                echo -n 'IUSE=\\\\\\\\\\\\\\\"'\\\\\\\\n                echo -n ''\\\\\\\\n                echo -n ''\\\\\\\\n                echo -n ''\\\\\\\\n                echo -n ''\\\\\\\\n                echo -n ''\\\\\\\\n                echo -n ' amd64 arm64 x86'\\\\\\\\n                echo '\\\\\\\\\\\\\\\"'\\\\\\\\n                echo ''\\\\\\\\n                echo -n 'REQUIRED_USE=\\\\\\\\\\\\\\\"'\\\\\\\\n                echo -n ''\\\\\\\\n                echo '\\\\\\\\\\\\\\\"'\\\\\\\\n                echo ''\\\\\\\\n                echo -n 'RDEPEND=\\\\\\\\\\\\\\\"'\\\\\\\\n                echo -n ''\\\\\\\\n                echo -n ''\\\\\\\\n                echo '\\\\\\\\\\\\\\\"'\\\\\\\\n                echo ''\\\\\\\\n                echo 'S=\\\\\\\\\\\\\\\"${WORKDIR}\\\\\\\\\\\\\\\"'\\\\\\\\n                echo ''\\\\\\\\n                echo 'src_unpack() {'\\\\\\\\n                echo '  if use amd64; then'\\\\\\\\n                echo \\\\\\\\\\\\\\\"    unpack \\\\\\\\\\\\\\\\\\\\\\\\\\\\\\\"\\\\\\\\\\\\\\\\${DISTDIR}/\\\\\\\\\\\\\\\\${P}-google-cloud-cli-\\\\\\\\\\\\\\\\${PV}-linux-x86_64.tar.gz\\\\\\\\\\\\\\\\\\\\\\\\\\\\\\\" || die \\\\\\\\\\\\\\\\\\\\\\\\\\\\\\\"Can't unpack archive file\\\\\\\\\\\\\\\\\\\\\\\\\\\\\\\"\\\\\\\\\\\\\\\"\\\\\\\\n                echo '  fi'\\\\\\\\n  \\\\\\\\n\\\\\\\\n                echo '  if use arm64; then'\\\\\\\\n                echo \\\\\\\\\\\\\\\"    unpack \\\\\\\\\\\\\\\\\\\\\\\\\\\\\\\"\\\\\\\\\\\\\\\\${DISTDIR}/\\\\\\\\\\\\\\\\${P}-google-cloud-cli-\\\\\\\\\\\\\\\\${PV}-linux-arm.tar.gz\\\\\\\\\\\\\\\\\\\\\\\\\\\\\\\" || die \\\\\\\\\\\\\\\\\\\\\\\\\\\\\\\"Can't unpack archive file\\\\\\\\\\\\\\\\\\\\\\\\\\\\\\\"\\\\\\\\\\\\\\\"\\\\\\\\n                echo '  fi'\\\\\\\\n  \\\\\\\\n\\\\\\\\n                echo '  if use x86; then'\\\\\\\\n                echo \\\\\\\\\\\\\\\"    unpack \\\\\\\\\\\\\\\\\\\\\\\\\\\\\\\"\\\\\\\\\\\\\\\\${DISTDIR}/\\\\\\\\\\\\\\\\${P}-google-cloud-cli-\\\\\\\\\\\\\\\\${PV}-linux-x86.tar.gz\\\\\\\\\\\\\\\\\\\\\\\\\\\\\\\" || die \\\\\\\\\\\\\\\\\\\\\\\\\\\\\\\"Can't unpack archive file\\\\\\\\\\\\\\\\\\\\\\\\\\\\\\\"\\\\\\\\\\\\\\\"\\\\\\\\n                echo '  fi'\\\\\\\\n  \\\\\\\\n\\\\\\\\n                echo '}'\\\\\\\\n                \\\\\\\\n                echo ''\\\\\\\\n                echo 'src_install() {'\\\\\\\\n                echo '  exeinto /opt/bin'\\\\\\\\n                echo '  if use amd64; then'\\\\\\\\n                echo '    newexe \\\\\\\\\\\\\\\"${{ env.google-cloud-cli_binary_archived_name_amd64 }}\\\\\\\\\\\\\\\" \\\\\\\\\\\\\\\"${{ env.google-cloud-cli_binary_installed_name }}\\\\\\\\\\\\\\\" || die \\\\\\\\\\\\\\\"Failed to install Binary\\\\\\\\\\\\\\\"'\\\\\\\\n                echo '  fi'\\\\\\\\n    \\\\\\\\n  \\\\\\\\n                echo '  if use arm64; then'\\\\\\\\n                echo '    newexe \\\\\\\\\\\\\\\"${{ env.google-cloud-cli_binary_archived_name_arm64 }}\\\\\\\\\\\\\\\" \\\\\\\\\\\\\\\"${{ env.google-cloud-cli_binary_installed_name }}\\\\\\\\\\\\\\\" || die \\\\\\\\\\\\\\\"Failed to install Binary\\\\\\\\\\\\\\\"'\\\\\\\\n                echo '  fi'\\\\\\\\n    \\\\\\\\n  \\\\\\\\n                echo '  if use x86; then'\\\\\\\\n                echo '    newexe \\\\\\\\\\\\\\\"${{ env.google-cloud-cli_binary_archived_name_x86 }}\\\\\\\\\\\\\\\" \\\\\\\\\\\\\\\"${{ env.google-cloud-cli_binary_installed_name }}\\\\\\\\\\\\\\\" || die \\\\\\\\\\\\\\\"Failed to install Binary\\\\\\\\\\\\\\\"'\\\\\\\\n                echo '  fi'\\\\\\\\n    \\\\\\\\n  \\\\\\\\n\\\\\\\\n                echo '}'\\\\\\\\n              } > $ebuild_file\\\\\\\\n\\\\\\\\n              # Manifest generation\\\\\\\\n              failed=0\\\\\\\\n\\\\\\\\n              if ! g2 manifest upsert-from-url \\\\\\\\\\\\\\\"https://dl.google.com/dl/cloudsdk/channels/rapid/downloads/google-cloud-cli-${version}-linux-x86_64.tar.gz\\\\\\\\\\\\\\\" \\\\\\\\\\\\\\\"${{ env.epn }}-${version}-google-cloud-cli-${version}-linux-x86_64.tar.gz\\\\\\\\\\\\\\\" \\\\\\\\\\\\\\\"${ebuild_dir}/Manifest\\\\\\\\\\\\\\\"; then failed=1; fi\\\\\\\\n    \\\\\\\\n\\\\\\\\n\\\\\\\\n              if ! g2 manifest upsert-from-url \\\\\\\\\\\\\\\"https://dl.google.com/dl/cloudsdk/channels/rapid/downloads/google-cloud-cli-${version}-linux-arm.tar.gz\\\\\\\\\\\\\\\" \\\\\\\\\\\\\\\"${{ env.epn }}-${version}-google-cloud-cli-${version}-linux-arm.tar.gz\\\\\\\\\\\\\\\" \\\\\\\\\\\\\\\"${ebuild_dir}/Manifest\\\\\\\\\\\\\\\"; then failed=1; fi\\\\\\\\n    \\\\\\\\n\\\\\\\\n\\\\\\\\n              if ! g2 manifest upsert-from-url \\\\\\\\\\\\\\\"https://dl.google.com/dl/cloudsdk/channels/rapid/downloads/google-cloud-cli-${version}-linux-x86.tar.gz\\\\\\\\\\\\\\\" \\\\\\\\\\\\\\\"${{ env.epn }}-${version}-google-cloud-cli-${version}-linux-x86.tar.gz\\\\\\\\\\\\\\\" \\\\\\\\\\\\\\\"${ebuild_dir}/Manifest\\\\\\\\\\\\\\\"; then failed=1; fi\\\\\\\\n    \\\\\\\\n\\\\\\\\n\\\\\\\\n              if [ \\\\\\\\\\\\\\\"$failed\\\\\\\\\\\\\\\" -eq 1 ]; then\\\\\\\\n                  echo \\\\\\\\\\\\\\\"Failed to generate manifest for $tag. Skipping...\\\\\\\\\\\\\\\"\\\\\\\\n                  rm -f \\\\\\\\\\\\\\\"$ebuild_file\\\\\\\\\\\\\\\"\\\\\\\\n                  continue\\\\\\\\n              fi\\\\\\\\n              echo \\\\\\\\\\\\\\\"generated_tag=${tag}\\\\\\\\\\\\\\\" >> $GITHUB_OUTPUT\\\\\\\\n            fi\\\\\\\\n          done\\\\\\\\n\\\\\\\\n      - name: Generate Overlay\\\\\\\\n        run: |\\\\\\\\n          mkdir -p profiles\\\\\\\\n          echo \\\\\\\\\\\\\\\"overlay_name\\\\\\\\\\\\\\\" > profiles/repo_name\\\\\\\\n          echo \\\\\\\\\\\\\\\"8\\\\\\\\\\\\\\\" > profiles/eapi\\\\\\\\n\\\\\\\\n      - name: Lint output\\\\\\\\n        uses: arran4/g2-action@v1.2\\\\\\\\n        with:\\\\\\\\n          mode: 'run'\\\\\\\\n          action: 'lint .'\\\\\\\\n\\\\\\\\n      - name: Commit and push changes\\\\\\\\n        run: |\\\\\\\\n          ebuild_dir=\\\\\\\\\\\\\\\"./${{ env.ecn }}/${{ env.epn }}\\\\\\\\\\\\\\\"\\\\\\\\n          mkdir -p profiles; [ ! -f profiles/repo_name ] && echo \\\\\\\\\\\\\\\"${{ env.github_repo }}\\\\\\\\\\\\\\\" > profiles/repo_name; [ ! -f profiles/eapi ] && echo \\\\\\\\\\\\\\\"8\\\\\\\\\\\\\\\" > profiles/eapi; g2 cache generate \\\\\\\\\\\\\\\"${{ env.ecn }}/${{ env.epn }}\\\\\\\\\\\\\\\"\\\\\\\\n          git add \\\\\\\\\\\\\\\"./${ebuild_dir}\\\\\\\\\\\\\\\"\\\\\\\\n          git add metadata/md5-cache/ || true\\\\\\\\n          if git commit -m \\\\\\\\\\\\\\\"Add ebuilds for new ${{ env.epn }} releases tag ${generated_tag}\\\\\\\\\\\\\\\"; then\\\\\\\\n            git pull --rebase &&\\\\\\\\n            git push\\\\\\\\n          fi || true\\\\\\\\n        if: steps.process_releases.outputs.generated_tag\\\\\\\" not found in output for testdata/txtar/web-binary/web-binary.txtar.\\\" not found in output for testdata/txtar/web-binary/web-binary.txtar.\" not found in output for testdata/txtar/web-binary/web-binary.txtar." not found in output for testdata/txtar/web-binary/web-binary.txtar. Result was:
        # Generated using: https://github.com/arran4/arrans_overlay_workflow_builder 1.0.0 Web Binary test.config 2026-07-12 00:00:00 +0000 UTC

        name: app-admin/google-cloud-sdk-bin update

        permissions:
          contents: write

        on:
          schedule:
            - cron: '24 2 * * *'
          workflow_dispatch:
          push:
            paths:
              - '.github/workflows/app-admin-google-cloud-sdk-bin-update.yaml'

        concurrency:
          group: ci-${{ github.ref }}
          cancel-in-progress: false

        env:
          ecn: app-admin
          epn: google-cloud-sdk-bin
          description: "Google Cloud SDK"
          homepage: "https://cloud.google.com/sdk/"
          github_owner:
          github_repo: google-cloud-sdk
          keywords: ~amd64 ~arm64 ~x86
          workflow_filename: app-admin-google-cloud-sdk-bin-update.yaml
          google-cloud-cli_binary_installed_name: 'gcloud'
          google-cloud-cli_binary_archived_name_amd64: 'gcloud'

          google-cloud-cli_release_name_amd64: 'google-cloud-cli-\${PV}-linux-x86_64.tar.gz'

          google-cloud-cli_binary_archived_name_arm64: 'gcloud'

          google-cloud-cli_release_name_arm64: 'google-cloud-cli-\${PV}-linux-arm.tar.gz'

          google-cloud-cli_binary_archived_name_x86: 'gcloud'

          google-cloud-cli_release_name_x86: 'google-cloud-cli-\${PV}-linux-x86.tar.gz'



        jobs:
          check-and-create-ebuild:
            runs-on: ubuntu-latest
            steps:
              - name: Checkout repository
                uses: actions/checkout@v2

              - name: Set up Git
                run: |
                  git config --global user.name 'github-actions[bot]'
                  git config --global user.email 'github-actions[bot]@users.noreply.github.com'

              - name: Install g2
                uses: arran4/g2-action@v1.2

              - name: Process each release
                id: process_releases
                run: |
                  ebuild_dir="./${{ env.ecn }}/${{ env.epn }}"
                  mkdir -p "$ebuild_dir"
                  metadata_file="${ebuild_dir}/metadata.xml"
                  g2 metadata -m "gentoo@arran4.com:Arran Ubels:person" --use-add "amd64:Enable amd64" --use-add "arm64:Enable arm64" --use-add "x86:Enable x86" "$metadata_file"
                  declare -A releaseTypes=()
                  if [ -z "curl -s -L https://cloud.google.com/sdk/docs/release-notes | grep -m 1 -oE 'data-text="[0-9]+\.[0-9]+\.[0-9]+' | cut -d '"' -f 2" ]; then
                     echo "TagsCommand is required for Web Binary configurations" >&2
                     exit 1
                  fi
                  tags=$(curl -s -L https://cloud.google.com/sdk/docs/release-notes | grep -m 1 -oE 'data-text="[0-9]+\.[0-9]+\.[0-9]+' | cut -d '"' -f 2)
                  # shellcheck disable=SC2086
                  for tag in $tags; do
                    version="${tag#v}"
                    if echo "$tag" | grep -qE '^v?[0-9]'; then
                        version="${tag#v}"
                    elif [ "${version}" = "${tag}" ]; then
                        echo "$version == $tag so there is no v removed skipping"
                        continue
                    fi

                    # shellcheck disable=SC2034
                    originalVersion="${version}"
                    if ! echo "${version}" | grep -E '^([0-9]+)\.([0-9]+)(\.([0-9]+))?(-r[0-9]+)?((_)(alpha|beta|rc|p)[0-9]*)*$'; then
                        echo "tag / $version doesn't match regexp";
                        continue;
                    fi
                    releaseType="$(echo "${version}" | sed -n 's/^[^_]\+_\(alpha\|beta\|rc\|p[0-9]*\).*$/\1/p')"
                    if [[ ! -v releaseTypes[${releaseType:=release}] ]]; then
                        if [[ -v releaseTypes[release] ]]; then
                          echo "Already have a newer main release: ${releaseTypes[release]}"
                          continue
                        fi
                        releaseTypes[${releaseType:=release}]="${version}"
                    else
                        echo "Already have a newer ${releaseType:=release} release: ${releaseTypes[${releaseType:=release}]}"
                        continue
                    fi
                    ebuild_file="${ebuild_dir}/${{ env.epn }}-${version}.ebuild"
                    if [ ! -f "$ebuild_file" ]; then

                      # shellcheck disable=SC2016
                      {
                        echo '# Generated via: https://github.com/arran4/arrans_overlay/blob/main/.github/workflows/${{ env.workflow_filename }}'
                        echo 'EAPI=8'
                        echo "DESCRIPTION=\"${{ env.description }}\""
                        echo "HOMEPAGE=\"${{ env.homepage }}\""
                        echo 'SRC_URI="'
                        echo "	amd64? (  https://dl.google.com/dl/cloudsdk/channels/rapid/downloads/google-cloud-cli-\${PV}-linux-x86_64.tar.gz -> \${P}-google-cloud-cli-\${PV}-linux-x86_64.tar.gz  )  "

                        echo "	arm64? (  https://dl.google.com/dl/cloudsdk/channels/rapid/downloads/google-cloud-cli-\${PV}-linux-arm.tar.gz -> \${P}-google-cloud-cli-\${PV}-linux-arm.tar.gz  )  "

                        echo "	x86? (  https://dl.google.com/dl/cloudsdk/channels/rapid/downloads/google-cloud-cli-\${PV}-linux-x86.tar.gz -> \${P}-google-cloud-cli-\${PV}-linux-x86.tar.gz  )  "

                        echo '"'
                        echo 'LICENSE="Apache-2.0"'
                        echo 'SLOT="0"'
                        echo 'KEYWORDS="${{ env.keywords }}"'
                        echo -n 'IUSE="'
                        echo -n ''
                        echo -n ''
                        echo -n ''
                        echo -n ''
                        echo -n ''
                        echo -n ' amd64 arm64 x86'
                        echo '"'
                        echo ''
                        echo -n 'REQUIRED_USE="'
                        echo -n ''
                        echo '"'
                        echo ''
                        echo -n 'RDEPEND="'
                        echo -n ''
                        echo -n ''
                        echo '"'
                        echo ''
                        echo 'S="${WORKDIR}"'
                        echo ''
                        echo 'src_unpack() {'
                        echo '  if use amd64; then'
                        echo "    unpack \"\${DISTDIR}/\${P}-google-cloud-cli-\${PV}-linux-x86_64.tar.gz\" || die \"Can't unpack archive file\""
                        echo '  fi'


                        echo '  if use arm64; then'
                        echo "    unpack \"\${DISTDIR}/\${P}-google-cloud-cli-\${PV}-linux-arm.tar.gz\" || die \"Can't unpack archive file\""
                        echo '  fi'


                        echo '  if use x86; then'
                        echo "    unpack \"\${DISTDIR}/\${P}-google-cloud-cli-\${PV}-linux-x86.tar.gz\" || die \"Can't unpack archive file\""
                        echo '  fi'


                        echo '}'

                        echo ''
                        echo 'src_install() {'
                        echo '  exeinto /opt/bin'
                        echo '  if use amd64; then'
                        echo '    newexe "${{ env.google-cloud-cli_binary_archived_name_amd64 }}" "${{ env.google-cloud-cli_binary_installed_name }}" || die "Failed to install Binary"'
                        echo '  fi'


                        echo '  if use arm64; then'
                        echo '    newexe "${{ env.google-cloud-cli_binary_archived_name_arm64 }}" "${{ env.google-cloud-cli_binary_installed_name }}" || die "Failed to install Binary"'
                        echo '  fi'


                        echo '  if use x86; then'
                        echo '    newexe "${{ env.google-cloud-cli_binary_archived_name_x86 }}" "${{ env.google-cloud-cli_binary_installed_name }}" || die "Failed to install Binary"'
                        echo '  fi'



                        echo '}'
                      } > $ebuild_file

                      # Manifest generation
                      failed=0

                      if ! g2 manifest upsert-from-url "https://dl.google.com/dl/cloudsdk/channels/rapid/downloads/google-cloud-cli-${version}-linux-x86_64.tar.gz" "${{ env.epn }}-${version}-google-cloud-cli-${version}-linux-x86_64.tar.gz" "${ebuild_dir}/Manifest"; then failed=1; fi



                      if ! g2 manifest upsert-from-url "https://dl.google.com/dl/cloudsdk/channels/rapid/downloads/google-cloud-cli-${version}-linux-arm.tar.gz" "${{ env.epn }}-${version}-google-cloud-cli-${version}-linux-arm.tar.gz" "${ebuild_dir}/Manifest"; then failed=1; fi



                      if ! g2 manifest upsert-from-url "https://dl.google.com/dl/cloudsdk/channels/rapid/downloads/google-cloud-cli-${version}-linux-x86.tar.gz" "${{ env.epn }}-${version}-google-cloud-cli-${version}-linux-x86.tar.gz" "${ebuild_dir}/Manifest"; then failed=1; fi



                      if [ "$failed" -eq 1 ]; then
                          echo "Failed to generate manifest for $tag. Skipping..."
                          rm -f "$ebuild_file"
                          continue
                      fi
                      echo "generated_tag=${tag}" >> $GITHUB_OUTPUT
                    fi
                  done

              - name: Generate Overlay
                run: |
                  mkdir -p profiles
                  echo "overlay_name" > profiles/repo_name
                  echo "8" > profiles/eapi

              - name: Lint output
                uses: arran4/g2-action@v1.2
                with:
                  mode: 'run'
                  action: 'lint .'

              - name: Commit and push changes
                run: |
                  ebuild_dir="./${{ env.ecn }}/${{ env.epn }}"
                  mkdir -p profiles; [ ! -f profiles/repo_name ] && echo "${{ env.github_repo }}" > profiles/repo_name; [ ! -f profiles/eapi ] && echo "8" > profiles/eapi; g2 cache generate "${{ env.ecn }}/${{ env.epn }}"
                  git add "./${ebuild_dir}"
                  git add metadata/md5-cache/ || true
                  if git commit -m "Add ebuilds for new ${{ env.epn }} releases tag ${generated_tag}"; then
                    git pull --rebase &&
                    git push
                  fi || true
                if: steps.process_releases.outputs.generated_tag
--- FAIL: TestWorkflowTemplates (0.01s)
    --- FAIL: TestWorkflowTemplates/kllamabooks (0.00s)
    --- PASS: TestWorkflowTemplates/tags_command (0.00s)
    --- PASS: TestWorkflowTemplates/tags_command_binary (0.00s)
    --- FAIL: TestWorkflowTemplates/web-binary (0.00s)
FAIL
FAIL	github.com/arran4/arrans_overlay_workflow_builder	0.017s
?   	github.com/arran4/arrans_overlay_workflow_builder/cmd/generate	[no test files]
testing: warning: no tests to run
PASS
ok  	github.com/arran4/arrans_overlay_workflow_builder/util	(cached) [no tests to run]
FAIL
